Archive member included because of file (symbol)

contiki-z1.a(contiki-z1-plat)
                              obj_z1/contiki-z1-main.o (init_platform)
contiki-z1.a(msp430.o)        obj_z1/contiki-z1-main.o (splhigh_)
contiki-z1.a(leds.o)          obj_z1/contiki-z1-main.o (leds_init)
contiki-z1.a(watchdog.o)      obj_z1/contiki-z1-main.o (watchdog_start)
contiki-z1.a(xmem.o)          obj_z1/contiki-z1-main.o (xmem_init)
contiki-z1.a(spi.o)           contiki-z1.a(xmem.o) (spi_init)
contiki-z1.a(cc2420.o)        obj_z1/contiki-z1-main.o (cc2420_set_pan_addr)
contiki-z1.a(cc2420-arch.o)   contiki-z1.a(cc2420.o) (cc2420_arch_init)
contiki-z1.a(node-id.o)       obj_z1/contiki-z1-main.o (node_id_restore)
contiki-z1.a(sensors.o)       contiki-z1.a(contiki-z1-plat) (sensors_process)
contiki-z1.a(button-sensor.o)
                              border-router-with-trickle.co (button_sensor)
contiki-z1.a(uart0.o)         obj_z1/contiki-z1-main.o (uart0_active)
contiki-z1.a(slip.o)          obj_z1/slip-bridge.o (slip_process)
contiki-z1.a(slip_uart0.o)    obj_z1/slip-bridge.o (slip_arch_writeb)
contiki-z1.a(adxl345.o)       obj_z1/contiki-z1-main.o (accm_init)
contiki-z1.a(clock.o)         obj_z1/contiki-z1-main.o (clock_init)
contiki-z1.a(leds-arch.o)     contiki-z1.a(leds.o) (leds_arch_init)
contiki-z1.a(rtimer-arch.o)   obj_z1/contiki-z1-main.o (rtimer_arch_now)
contiki-z1.a(autostart.o)     obj_z1/contiki-z1-main.o (autostart_start)
contiki-z1.a(ctimer.o)        obj_z1/contiki-z1-main.o (ctimer_init)
contiki-z1.a(energest.o)      obj_z1/contiki-z1-main.o (energest_init)
contiki-z1.a(etimer.o)        contiki-z1.a(clock.o) (etimer_request_poll)
contiki-z1.a(process.o)       border-router-with-trickle.co (process_current)
contiki-z1.a(rtimer.o)        obj_z1/contiki-z1-main.o (rtimer_init)
contiki-z1.a(timer.o)         obj_z1/httpd-simple.o (timer_set)
contiki-z1.a(list.o)          contiki-z1.a(ctimer.o) (list_init)
contiki-z1.a(memb.o)          obj_z1/httpd-simple.o (memb_init)
contiki-z1.a(trickle-timer.o)
                              border-router-with-trickle.co (trickle_timer_consistency)
contiki-z1.a(sicslowpan.o)    obj_z1/contiki-z1-main.o (sicslowpan_driver)
contiki-z1.a(uip6.o)          border-router-with-trickle.co (uip_aligned_buf)
contiki-z1.a(uip-ds6.o)       contiki-z1.a(uip6.o) (uip_ds6_is_addr_onlink)
contiki-z1.a(uip-ds6-nbr.o)   contiki-z1.a(uip-ds6.o) (uip_ds6_neighbors_init)
contiki-z1.a(uip-ds6-route.o)
                              contiki-z1.a(uip-ds6.o) (uip_ds6_route_init)
contiki-z1.a(uip-icmp6.o)     contiki-z1.a(uip6.o) (uip_icmp6_input)
contiki-z1.a(uip-nd6.o)       contiki-z1.a(uip-ds6-nbr.o) (uip_nd6_ns_output)
contiki-z1.a(psock.o)         border-router-with-trickle.co (psock_send)
contiki-z1.a(tcpip.o)         contiki-z1.a(sicslowpan.o) (tcpip_set_outputfunc)
contiki-z1.a(uip-debug.o)     border-router-with-trickle.co (uip_debug_ipaddr_print)
contiki-z1.a(uip-udp-packet.)
                              border-router-with-trickle.co (uip_udp_packet_send)
contiki-z1.a(rpl.o)           contiki-z1.a(uip-ds6-nbr.o) (rpl_link_neighbor_callback)
contiki-z1.a(rpl-dag.o)       contiki-z1.a(rpl.o) (default_instance)
contiki-z1.a(rpl-ext-header.)
                              contiki-z1.a(uip6.o) (rpl_verify_header)
contiki-z1.a(rpl-icmp6.o)     contiki-z1.a(rpl.o) (dao_output_target)
contiki-z1.a(rpl-mrhof.o)     contiki-z1.a(rpl.o) (rpl_mrhof)
contiki-z1.a(rpl-timers.o)    contiki-z1.a(rpl.o) (rpl_reset_periodic_timer)
contiki-z1.a(linkaddr.o)      obj_z1/contiki-z1-main.o (linkaddr_copy)
contiki-z1.a(nbr-table.o)     contiki-z1.a(uip-ds6-nbr.o) (nbr_table_register)
contiki-z1.a(packetbuf.o)     contiki-z1.a(cc2420.o) (packetbuf_set_datalen)
contiki-z1.a(queuebuf.o)      obj_z1/contiki-z1-main.o (queuebuf_init)
contiki-z1.a(csma.o)          border-router-with-trickle.co (csma_driver)
contiki-z1.a(framer-802154.o)
                              contiki-z1.a(sicslowpan.o) (framer_802154)
contiki-z1.a(framer.o)        contiki-z1.a(framer-802154.o) (framer_canonical_create_and_secure)
contiki-z1.a(mac.o)           contiki-z1.a(csma.o) (mac_call_sent_callback)
contiki-z1.a(contikimac.o)    obj_z1/contiki-z1-main.o (contikimac_driver)
contiki-z1.a(nullsec.o)       contiki-z1.a(sicslowpan.o) (nullsec_driver)
contiki-z1.a(i2cmaster.o)     contiki-z1.a(adxl345.o) (i2c_receiveinit)
contiki-z1.a(stimer.o)        contiki-z1.a(uip-ds6.o) (stimer_set)
contiki-z1.a(random.o)        contiki-z1.a(trickle-timer.o) (random_rand)
contiki-z1.a(frame802154.o)   contiki-z1.a(framer-802154.o) (frame802154_hdrlen)
contiki-z1.a(mac-sequence.o)  contiki-z1.a(contikimac.o) (mac_sequence_is_duplicate)
/usr/local/msp430/bin/../lib/gcc/msp430/4.7.0/mcpu-430x/mmpy-16/msr20/mc20/libgcc.a(_mulsi3.o)
                              contiki-z1.a(rpl-timers.o) (__mulsi3)
/usr/local/msp430/bin/../lib/gcc/msp430/4.7.0/mcpu-430x/mmpy-16/msr20/mc20/libgcc.a(_udivmod16.o)
                              contiki-z1.a(rpl-dag.o) (__udivhi3)
[...]
Memory Configuration

Name             Origin             Length             Attributes
sfr              0x00000000         0x00000010
peripheral_8bit  0x00000010         0x000000f0
peripheral_16bit 0x00000100         0x00000100
ram_mirror       0x00000200         0x00000800         xw
infomem          0x00001000         0x00000100
infod            0x00001000         0x00000040
infoc            0x00001040         0x00000040
infob            0x00001080         0x00000040
infoa            0x000010c0         0x00000040
ram              0x00001100         0x00002000         xw
rom              0x00003100         0x0000cebe         xr
vectors          0x0000ffc0         0x00000040
far_rom          0x00010000         0x0000a000
bsl              0x00000000         0x00000000
ram2             0x00000000         0x00000000         xw
usbram           0x00000000         0x00000000         xw
*default*        0x00000000         0xffffffff

Linker script and memory map

LOAD /usr/local/msp430/bin/../lib/gcc/msp430/4.7.0/mcpu-430x/mmpy-16/msr20/mc20/crt0ivtbl32.o
                0x00000041                __P1SEL2 = 0x41
                0x00000045                __P5SEL2 = 0x45
LOAD border-router-with-trickle.co
LOAD obj_z1/slip-bridge.o
LOAD obj_z1/httpd-simple.o
LOAD obj_z1/contiki-z1-main.o
LOAD contiki-z1.a
LOAD /usr/local/msp430/bin/../lib/gcc/msp430/4.7.0/mcpu-430x/mmpy-16/msr20/mc20/libgcc.a
LOAD /usr/local/msp430/bin/../lib/gcc/msp430/4.7.0/../../../../msp430/lib/mcpu-430x/mmpy-16/msr20/mc20/libc.a
LOAD /usr/local/msp430/bin/../lib/gcc/msp430/4.7.0/mcpu-430x/mmpy-16/msr20/mc20/libgcc.a
LOAD /usr/local/msp430/bin/../lib/gcc/msp430/4.7.0/mcpu-430x/mmpy-16/msr20/mc20/libcrt0.a
                0x00000040                PROVIDE (__info_segment_size, 0x40)
                0x00001000                PROVIDE (__infod, 0x1000)
                0x00001040                PROVIDE (__infoc, 0x1040)
                0x00001080                PROVIDE (__infob, 0x1080)
                0x000010c0                PROVIDE (__infoa, 0x10c0)
                0x00000000                __IE1 = 0x0
                0x00000002                __IFG1 = 0x2
                0x00000001                __IE2 = 0x1
                0x00000003                __IFG2 = 0x3
                0x00000006                __UC1IE = 0x6
                0x00000007                __UC1IFG = 0x7
                0x000001a0                __ADC12CTL0 = 0x1a0
                0x000001a2                __ADC12CTL1 = 0x1a2
                0x000001a4                __ADC12IFG = 0x1a4
                0x000001a6                __ADC12IE = 0x1a6
                0x000001a8                __ADC12IV = 0x1a8
                0x00000140                __ADC12MEM0 = 0x140
                0x00000142                __ADC12MEM1 = 0x142
                0x00000144                __ADC12MEM2 = 0x144
                0x00000146                __ADC12MEM3 = 0x146
                0x00000148                __ADC12MEM4 = 0x148
                0x0000014a                __ADC12MEM5 = 0x14a
                0x0000014c                __ADC12MEM6 = 0x14c
                0x0000014e                __ADC12MEM7 = 0x14e
                0x00000150                __ADC12MEM8 = 0x150
                0x00000152                __ADC12MEM9 = 0x152
                0x00000154                __ADC12MEM10 = 0x154
                0x00000156                __ADC12MEM11 = 0x156
                0x00000158                __ADC12MEM12 = 0x158
                0x0000015a                __ADC12MEM13 = 0x15a
                0x0000015c                __ADC12MEM14 = 0x15c
                0x0000015e                __ADC12MEM15 = 0x15e
                0x00000080                __ADC12MCTL0 = 0x80
                0x00000081                __ADC12MCTL1 = 0x81
                0x00000082                __ADC12MCTL2 = 0x82
                0x00000083                __ADC12MCTL3 = 0x83
                0x00000084                __ADC12MCTL4 = 0x84
                0x00000085                __ADC12MCTL5 = 0x85
                0x00000086                __ADC12MCTL6 = 0x86
                0x00000087                __ADC12MCTL7 = 0x87
                0x00000088                __ADC12MCTL8 = 0x88
                0x00000089                __ADC12MCTL9 = 0x89
                0x0000008a                __ADC12MCTL10 = 0x8a
                0x0000008b                __ADC12MCTL11 = 0x8b
                0x0000008c                __ADC12MCTL12 = 0x8c
                0x0000008d                __ADC12MCTL13 = 0x8d
                0x0000008e                __ADC12MCTL14 = 0x8e
                0x0000008f                __ADC12MCTL15 = 0x8f
                0x00000056                __DCOCTL = 0x56
                0x00000057                __BCSCTL1 = 0x57
                0x00000058                __BCSCTL2 = 0x58
                0x00000053                __BCSCTL3 = 0x53
                0x00000059                __CACTL1 = 0x59
                0x0000005a                __CACTL2 = 0x5a
                0x0000005b                __CAPD = 0x5b
                0x000001c0                __DAC12_0CTL = 0x1c0
                0x000001c2                __DAC12_1CTL = 0x1c2
                0x000001c8                __DAC12_0DAT = 0x1c8
                0x000001ca                __DAC12_1DAT = 0x1ca
                0x00000122                __DMACTL0 = 0x122
                0x00000124                __DMACTL1 = 0x124
                0x00000126                __DMAIV = 0x126
                0x000001d0                __DMA0CTL = 0x1d0
                0x000001dc                __DMA1CTL = 0x1dc
                0x000001e8                __DMA2CTL = 0x1e8
                0x000001d2                __DMA0SA = 0x1d2
                0x000001d2                __DMA0SAL = 0x1d2
                0x000001d6                __DMA0DA = 0x1d6
                0x000001d6                __DMA0DAL = 0x1d6
                0x000001da                __DMA0SZ = 0x1da
                0x000001de                __DMA1SA = 0x1de
                0x000001de                __DMA1SAL = 0x1de
                0x000001e2                __DMA1DA = 0x1e2
                0x000001e2                __DMA1DAL = 0x1e2
                0x000001e6                __DMA1SZ = 0x1e6
                0x000001ea                __DMA2SA = 0x1ea
                0x000001ea                __DMA2SAL = 0x1ea
                0x000001ee                __DMA2DA = 0x1ee
                0x000001ee                __DMA2DAL = 0x1ee
                0x000001f2                __DMA2SZ = 0x1f2
                0x00000128                __FCTL1 = 0x128
                0x0000012a                __FCTL2 = 0x12a
                0x0000012c                __FCTL3 = 0x12c
                0x000001be                __FCTL4 = 0x1be
                0x00000130                __MPY = 0x130
                0x00000132                __MPYS = 0x132
                0x00000134                __MAC = 0x134
                0x00000136                __MACS = 0x136
                0x00000138                __OP2 = 0x138
                0x0000013a                __RESLO = 0x13a
                0x0000013c                __RESHI = 0x13c
                0x0000013e                __SUMEXT = 0x13e
                0x00000020                __P1IN = 0x20
                0x00000021                __P1OUT = 0x21
                0x00000022                __P1DIR = 0x22
                0x00000023                __P1IFG = 0x23
                0x00000024                __P1IES = 0x24
                0x00000025                __P1IE = 0x25
                0x00000026                __P1SEL = 0x26
                0x00000027                __P1REN = 0x27
                0x00000028                __P2IN = 0x28
                0x00000029                __P2OUT = 0x29
                0x0000002a                __P2DIR = 0x2a
                0x0000002b                __P2IFG = 0x2b
                0x0000002c                __P2IES = 0x2c
                0x0000002d                __P2IE = 0x2d
                0x0000002e                __P2SEL = 0x2e
                0x0000002f                __P2REN = 0x2f
                0x00000018                __P3IN = 0x18
                0x00000019                __P3OUT = 0x19
                0x0000001a                __P3DIR = 0x1a
                0x0000001b                __P3SEL = 0x1b
                0x00000010                __P3REN = 0x10
                0x0000001c                __P4IN = 0x1c
                0x0000001d                __P4OUT = 0x1d
                0x0000001e                __P4DIR = 0x1e
                0x0000001f                __P4SEL = 0x1f
                0x00000011                __P4REN = 0x11
                0x00000030                __P5IN = 0x30
                0x00000031                __P5OUT = 0x31
                0x00000032                __P5DIR = 0x32
                0x00000033                __P5SEL = 0x33
                0x00000012                __P5REN = 0x12
                0x00000034                __P6IN = 0x34
                0x00000035                __P6OUT = 0x35
                0x00000036                __P6DIR = 0x36
                0x00000037                __P6SEL = 0x37
                0x00000013                __P6REN = 0x13
                0x00000038                __P7IN = 0x38
                0x0000003a                __P7OUT = 0x3a
                0x0000003c                __P7DIR = 0x3c
                0x0000003e                __P7SEL = 0x3e
                0x00000014                __P7REN = 0x14
                0x00000039                __P8IN = 0x39
                0x0000003b                __P8OUT = 0x3b
                0x0000003d                __P8DIR = 0x3d
                0x0000003f                __P8SEL = 0x3f
                0x00000015                __P8REN = 0x15
                0x00000038                __PAIN = 0x38
                0x0000003a                __PAOUT = 0x3a
                0x0000003c                __PADIR = 0x3c
                0x0000003e                __PASEL = 0x3e
                0x00000014                __PAREN = 0x14
                0x00000055                __SVSCTL = 0x55
                0x0000012e                __TAIV = 0x12e
                0x00000160                __TACTL = 0x160
                0x00000162                __TACCTL0 = 0x162
                0x00000164                __TACCTL1 = 0x164
                0x00000166                __TACCTL2 = 0x166
                0x00000170                __TAR = 0x170
                0x00000172                __TACCR0 = 0x172
                0x00000174                __TACCR1 = 0x174
                0x00000176                __TACCR2 = 0x176
                0x0000011e                __TBIV = 0x11e
                0x00000180                __TBCTL = 0x180
                0x00000182                __TBCCTL0 = 0x182
                0x00000184                __TBCCTL1 = 0x184
                0x00000186                __TBCCTL2 = 0x186
                0x00000188                __TBCCTL3 = 0x188
                0x0000018a                __TBCCTL4 = 0x18a
                0x0000018c                __TBCCTL5 = 0x18c
                0x0000018e                __TBCCTL6 = 0x18e
                0x00000190                __TBR = 0x190
                0x00000192                __TBCCR0 = 0x192
                0x00000194                __TBCCR1 = 0x194
                0x00000196                __TBCCR2 = 0x196
                0x00000198                __TBCCR3 = 0x198
                0x0000019a                __TBCCR4 = 0x19a
                0x0000019c                __TBCCR5 = 0x19c
                0x0000019e                __TBCCR6 = 0x19e
                0x00000060                __UCA0CTL0 = 0x60
                0x00000061                __UCA0CTL1 = 0x61
                0x00000062                __UCA0BR0 = 0x62
                0x00000063                __UCA0BR1 = 0x63
                0x00000064                __UCA0MCTL = 0x64
                0x00000065                __UCA0STAT = 0x65
                0x00000066                __UCA0RXBUF = 0x66
                0x00000067                __UCA0TXBUF = 0x67
                0x0000005d                __UCA0ABCTL = 0x5d
                0x0000005e                __UCA0IRTCTL = 0x5e
                0x0000005f                __UCA0IRRCTL = 0x5f
                0x00000068                __UCB0CTL0 = 0x68
                0x00000069                __UCB0CTL1 = 0x69
                0x0000006a                __UCB0BR0 = 0x6a
                0x0000006b                __UCB0BR1 = 0x6b
                0x0000006c                __UCB0I2CIE = 0x6c
                0x0000006d                __UCB0STAT = 0x6d
                0x0000006e                __UCB0RXBUF = 0x6e
                0x0000006f                __UCB0TXBUF = 0x6f
                0x00000118                __UCB0I2COA = 0x118
                0x0000011a                __UCB0I2CSA = 0x11a
                0x000000d0                __UCA1CTL0 = 0xd0
                0x000000d1                __UCA1CTL1 = 0xd1
                0x000000d2                __UCA1BR0 = 0xd2
                0x000000d3                __UCA1BR1 = 0xd3
                0x000000d4                __UCA1MCTL = 0xd4
                0x000000d5                __UCA1STAT = 0xd5
                0x000000d6                __UCA1RXBUF = 0xd6
                0x000000d7                __UCA1TXBUF = 0xd7
                0x000000cd                __UCA1ABCTL = 0xcd
                0x000000ce                __UCA1IRTCTL = 0xce
                0x000000cf                __UCA1IRRCTL = 0xcf
                0x000000d8                __UCB1CTL0 = 0xd8
                0x000000d9                __UCB1CTL1 = 0xd9
                0x000000da                __UCB1BR0 = 0xda
                0x000000db                __UCB1BR1 = 0xdb
                0x000000dc                __UCB1I2CIE = 0xdc
                0x000000dd                __UCB1STAT = 0xdd
                0x000000de                __UCB1RXBUF = 0xde
                0x000000df                __UCB1TXBUF = 0xdf
                0x0000017c                __UCB1I2COA = 0x17c
                0x0000017e                __UCB1I2CSA = 0x17e
                0x00000120                __WDTCTL = 0x120
                0x000010c0                __TLV_CHECKSUM = 0x10c0
                0x000010f6                __TLV_DCO_30_TAG = 0x10f6
                0x000010f7                __TLV_DCO_30_LEN = 0x10f7
                0x000010da                __TLV_ADC12_1_TAG = 0x10da
                0x000010db                __TLV_ADC12_1_LEN = 0x10db
                0x000010f8                __CALDCO_16MHZ = 0x10f8
                0x000010f9                __CALBC1_16MHZ = 0x10f9
                0x000010fa                __CALDCO_12MHZ = 0x10fa
                0x000010fb                __CALBC1_12MHZ = 0x10fb
                0x000010fc                __CALDCO_8MHZ = 0x10fc
                0x000010fd                __CALBC1_8MHZ = 0x10fd
                0x000010fe                __CALDCO_1MHZ = 0x10fe
                0x000010ff                __CALBC1_1MHZ = 0x10ff

.hash
 *(.hash)

.dynsym
 *(.dynsym)

.dynstr
 *(.dynstr)

.gnu.version
 *(.gnu.version)

.gnu.version_d
 *(.gnu.version_d)

.gnu.version_r
 *(.gnu.version_r)

.rel.init
 *(.rel.init)

.rela.init
 *(.rela.init)

.rel.fini
 *(.rel.fini)

.rela.fini
 *(.rela.fini)

.rel.text
 *(.rel.text .rel.text.* .rel.gnu.linkonce.t.*)

.rela.text
 *(.rela.text .rela.text.* .rela.gnu.linkonce.t.*)

.rel.rodata
 *(.rel.rodata .rel.rodata.* .rel.gnu.linkonce.r.*)

.rela.rodata
 *(.rela.rodata .rela.rodata.* .rela.gnu.linkonce.r.*)

.rel.data
 *(.rel.data .rel.data.* .rel.gnu.linkonce.d.*)

.rela.data
 *(.rela.data .rela.data.* .rela.gnu.linkonce.d.*)

.rel.bss
 *(.rel.bss .rel.bss.* .rel.gnu.linkonce.b.*)

.rela.bss
 *(.rela.bss .rela.bss.* .rela.gnu.linkonce.b.*)

.rel.ctors
 *(.rel.ctors)

.rela.ctors
 *(.rela.ctors)

.rel.dtors
 *(.rel.dtors)

.rela.dtors
 *(.rela.dtors)

.rel.got
 *(.rel.got)

.rela.got
 *(.rela.got)

.rel.plt
 *(.rel.plt)

.rela.plt
 *(.rela.plt)

.text           0x00003100     0xb47a
                0x00003100                . = ALIGN (0x2)
 *(.init .init.*)
 *(.init0)
 .init0         0x00003100        0x0 /usr/local/msp430/bin/../lib/gcc/msp430/4.7.0/mcpu-430x/mmpy-16/msr20/mc20/libcrt0.a(_reset_vector__.o)
                0x00003100                _reset_vector__
 *(.init1)
 .init1         0x00003100        0xc /usr/local/msp430/bin/../lib/gcc/msp430/4.7.0/mcpu-430x/mmpy-16/msr20/mc20/libcrt0.a(__watchdog_support.o)
                0x00003100                __watchdog_support
 *(.init2)
 .init2         0x0000310c        0x4 /usr/local/msp430/bin/../lib/gcc/msp430/4.7.0/mcpu-430x/mmpy-16/msr20/mc20/libcrt0.a(__init_stack.o)
                0x0000310c                __init_stack
 *(.init3)
 .init3         0x00003110        0x0 /usr/local/msp430/bin/../lib/gcc/msp430/4.7.0/mcpu-430x/mmpy-16/msr20/mc20/libcrt0.a(__low_level_init.o)
                0x00003110                __low_level_init
 *(.init4)
 .init4         0x00003110       0x18 /usr/local/msp430/bin/../lib/gcc/msp430/4.7.0/mcpu-430x/mmpy-16/msr20/mc20/libcrt0.a(_copy_data.o)
                0x00003110                __do_copy_data
 .init4         0x00003128       0x16 /usr/local/msp430/bin/../lib/gcc/msp430/4.7.0/mcpu-430x/mmpy-16/msr20/mc20/libcrt0.a(_clear_bss.o)
                0x00003128                __do_clear_bss
 *(.init5)
 *(.init6)
 *(.init7)
 *(.init8)
 *(.init9)
 .init9         0x0000313e      0x35c obj_z1/contiki-z1-main.o
                0x0000313e                main
 *(.fini9)
 .fini9         0x0000349a        0x0 /usr/local/msp430/bin/../lib/gcc/msp430/4.7.0/mcpu-430x/mmpy-16/msr20/mc20/libcrt0.a(__stop_progExec__.o)
                0x0000349a                __stop_progExec__
 *(.fini8)
 *(.fini7)
 *(.fini6)
 *(.fini5)
 *(.fini4)
 *(.fini3)
 *(.fini2)
 *(.fini1)
 *(.fini0)
 .fini0         0x0000349a        0x6 /usr/local/msp430/bin/../lib/gcc/msp430/4.7.0/mcpu-430x/mmpy-16/msr20/mc20/libcrt0.a(_endless_loop__.o)
                0x0000349a                _endless_loop__
 *(.fini .fini.*)
                0x000034a0                . = ALIGN (0x2)
                0x000034a0                __ctors_start = .
 *(.ctors)
                0x000034a0                __ctors_end = .
                0x000034a0                __dtors_start = .
 *(.dtors)
                0x000034a0                __dtors_end = .
                0x000034a0                . = ALIGN (0x2)
 *(.text .text.* .gnu.linkonce.t.*)
 .text          0x000034a0        0x4 /usr/local/msp430/bin/../lib/gcc/msp430/4.7.0/mcpu-430x/mmpy-16/msr20/mc20/crt0ivtbl32.o
                0x000034a0                __isr_14
                0x000034a0                __isr_4
                0x000034a0                __isr_29
                0x000034a0                __isr_11
                0x000034a0                __isr_5
                0x000034a0                __isr_2
                0x000034a0                __isr_10
                0x000034a0                __isr_7
                0x000034a0                __isr_0
                0x000034a0                __isr_28
                0x000034a0                __isr_8
                0x000034a0                __isr_20
                0x000034a0                __isr_3
                0x000034a0                __isr_12
                0x000034a0                __isr_13
                0x000034a0                __isr_27
                0x000034a0                __isr_9
                0x000034a0                __isr_30
                0x000034a0                __isr_6
                0x000034a0                __isr_22
                0x000034a0                __isr_1
                0x000034a0                __isr_15
                0x000034a0                __isr_21
 .text.libgcc   0x000034a4       0x26 /usr/local/msp430/bin/../lib/gcc/msp430/4.7.0/mcpu-430x/mmpy-16/msr20/mc20/libgcc.a(_mulsi3.o)
                0x000034a4                __mulsi3
 .text.libgcc   0x000034ca       0x22 /usr/local/msp430/bin/../lib/gcc/msp430/4.7.0/mcpu-430x/mmpy-16/msr20/mc20/libgcc.a(_udivmod16.o)
                0x000034ca                __udivhi3
                0x000034ca                __ext_udivmod16
                0x000034e4                __umodhi3
 .text.libgcc   0x000034ec       0x3a /usr/local/msp430/bin/../lib/gcc/msp430/4.7.0/mcpu-430x/mmpy-16/msr20/mc20/libgcc.a(_divmod16.o)
                0x000034ec                __ext_divmod16
                0x000034ec                __divhi3
                0x0000351e                __modhi3
 .text.libgcc   0x00003526       0x38 /usr/local/msp430/bin/../lib/gcc/msp430/4.7.0/mcpu-430x/mmpy-16/msr20/mc20/libgcc.a(_udivmod32.o)
                0x00003526                __udivsi3
                0x00003526                __ext_udivmod32
                0x00003554                __umodsi3
 .text.printf   0x0000355e       0x10 /usr/local/msp430/bin/../lib/gcc/msp430/4.7.0/../../../../msp430/lib/mcpu-430x/mmpy-16/msr20/mc20/libc.a(printf.o)
                0x0000355e                printf
 .text.print_field
                0x0000356e      0x176 /usr/local/msp430/bin/../lib/gcc/msp430/4.7.0/../../../../msp430/lib/mcpu-430x/mmpy-16/msr20/mc20/libc.a(vuprintf.o)
 .text.vuprintf
                0x000036e4      0x74c /usr/local/msp430/bin/../lib/gcc/msp430/4.7.0/../../../../msp430/lib/mcpu-430x/mmpy-16/msr20/mc20/libc.a(vuprintf.o)
                0x000036e4                vuprintf
 .text.puts     0x00003e30       0x2c /usr/local/msp430/bin/../lib/gcc/msp430/4.7.0/../../../../msp430/lib/mcpu-430x/mmpy-16/msr20/mc20/libc.a(puts.o)
                0x00003e30                puts
 .text.rand     0x00003e5c       0x26 /usr/local/msp430/bin/../lib/gcc/msp430/4.7.0/../../../../msp430/lib/mcpu-430x/mmpy-16/msr20/mc20/libc.a(rand.o)
                0x00003e5c                rand
 .text.strncmp  0x00003e82       0x2a /usr/local/msp430/bin/../lib/gcc/msp430/4.7.0/../../../../msp430/lib/mcpu-430x/mmpy-16/msr20/mc20/libc.a(strncmp.o)
                0x00003e82                strncmp
 .text.memcmp   0x00003eac       0x2c /usr/local/msp430/bin/../lib/gcc/msp430/4.7.0/../../../../msp430/lib/mcpu-430x/mmpy-16/msr20/mc20/libc.a(memcmp.o)
                0x00003eac                memcmp
 .text.strcpy   0x00003ed8       0x14 /usr/local/msp430/bin/../lib/gcc/msp430/4.7.0/../../../../msp430/lib/mcpu-430x/mmpy-16/msr20/mc20/libc.a(strcpy.o)
                0x00003ed8                strcpy
 .text.strncpy  0x00003eec       0x2a /usr/local/msp430/bin/../lib/gcc/msp430/4.7.0/../../../../msp430/lib/mcpu-430x/mmpy-16/msr20/mc20/libc.a(strncpy.o)
                0x00003eec                strncpy
 .text.memcpy   0x00003f16       0xe8 /usr/local/msp430/bin/../lib/gcc/msp430/4.7.0/../../../../msp430/lib/mcpu-430x/mmpy-16/msr20/mc20/libc.a(memcpy.o)
                0x00003f16                memcpy
 .text.memmove  0x00003ffe       0xe8 /usr/local/msp430/bin/../lib/gcc/msp430/4.7.0/../../../../msp430/lib/mcpu-430x/mmpy-16/msr20/mc20/libc.a(memmove.o)
                0x00003ffe                memmove
 .text.memset   0x000040e6       0x5c /usr/local/msp430/bin/../lib/gcc/msp430/4.7.0/../../../../msp430/lib/mcpu-430x/mmpy-16/msr20/mc20/libc.a(memset.o)
                0x000040e6                memset
 .text.libgcc   0x00004142       0xbc /usr/local/msp430/bin/../lib/gcc/msp430/4.7.0/mcpu-430x/mmpy-16/msr20/mc20/libgcc.a(_udivmod64.o)
                0x00004142                __xabi_udivmod64
                0x00004194                __udivdi3
                0x000041ae                __umoddi3
                0x000041d0                __udivmoddi4
 .text.crt0     0x000041fe        0x2 /usr/local/msp430/bin/../lib/gcc/msp430/4.7.0/mcpu-430x/mmpy-16/msr20/mc20/libcrt0.a(_unexpected_.o)
                0x000041fe                _unexpected_
 *(.near.text .near.text.*)
 .near.text.watchdog_interrupt
                0x00004200        0x6 contiki-z1.a(watchdog.o)
                0x00004200                __isr_26
                0x00004200                watchdog_interrupt
 .near.text.irq_p2
                0x00004206       0x76 contiki-z1.a(button-sensor.o)
                0x00004206                irq_p2
                0x00004206                __isr_19
 .near.text.uart0_rx_interrupt
                0x0000427c       0x64 contiki-z1.a(uart0.o)
                0x0000427c                __isr_23
                0x0000427c                uart0_rx_interrupt
 .near.text.port1_isr
                0x000042e0       0xbe contiki-z1.a(adxl345.o)
                0x000042e0                port1_isr
                0x000042e0                __isr_18
 .near.text.timera1
                0x0000439e      0x10a contiki-z1.a(clock.o)
                0x0000439e                __isr_24
                0x0000439e                timera1
 .near.text.timera0
                0x000044a8       0x5c contiki-z1.a(rtimer-arch.o)
                0x000044a8                __isr_25
                0x000044a8                timera0
 .near.text.i2c_tx_interrupt
                0x00004504       0x84 contiki-z1.a(i2cmaster.o)
                0x00004504                __isr_16
                0x00004504                i2c_tx_interrupt
 .near.text.i2c_rx_interrupt
                0x00004588       0x14 contiki-z1.a(i2cmaster.o)
                0x00004588                i2c_rx_interrupt
                0x00004588                __isr_17
 .any.text.process_thread_webserver_nogui_process
                0x0000459c       0x40 border-router-with-trickle.co
 .any.text.trickle_tx
                0x000045dc       0x4c border-router-with-trickle.co
 .any.text.generate_routes
                0x00004628       0xbc border-router-with-trickle.co
 .any.text.httpd_simple_get_script
                0x000046e4        0x6 border-router-with-trickle.co
                0x000046e4                httpd_simple_get_script
 .any.text.request_prefix
                0x000046ea       0x22 border-router-with-trickle.co
                0x000046ea                request_prefix
 .any.text.process_thread_border_router_process
                0x0000470c      0x190 border-router-with-trickle.co
 .any.text.set_prefix_64
                0x0000489c       0x5e border-router-with-trickle.co
                0x0000489c                set_prefix_64
 .any.text.init
                0x000048fa       0x1e obj_z1/slip-bridge.o
 .any.text.slip_input_callback
                0x00004918       0xd0 obj_z1/slip-bridge.o
 .any.text.output
                0x000049e8       0x48 obj_z1/slip-bridge.o
 .any.text.putchar
                0x00004a30       0x3c obj_z1/slip-bridge.o
                0x00004a30                putchar
 .any.text.handle_input
                0x00004a6c       0xee obj_z1/httpd-simple.o
 .any.text.send_headers
                0x00004b5a       0x6a obj_z1/httpd-simple.o
 .any.text.handle_output
                0x00004bc4       0xf8 obj_z1/httpd-simple.o
 .any.text.httpd_appcall
                0x00004cbc       0xd2 obj_z1/httpd-simple.o
                0x00004cbc                httpd_appcall
 .any.text.httpd_init
                0x00004d8e       0x12 obj_z1/httpd-simple.o
                0x00004d8e                httpd_init
 .any.text.init_platform
                0x00004da0        0xc contiki-z1.a(contiki-z1-plat)
                0x00004da0                init_platform
 .any.text.msp430_init_dco
                0x00004dac       0x28 contiki-z1.a(msp430.o)
                0x00004dac                msp430_init_dco
 .any.text.splhigh_
                0x00004dd4        0x8 contiki-z1.a(msp430.o)
                0x00004dd4                splhigh_
 .any.text.msp430_sync_dco
                0x00004ddc       0x6e contiki-z1.a(msp430.o)
                0x00004ddc                msp430_sync_dco
 .any.text.msp430_cpu_init
                0x00004e4a       0x2a contiki-z1.a(msp430.o)
                0x00004e4a                msp430_cpu_init
 .any.text.show_leds
                0x00004e74       0xe8 contiki-z1.a(leds.o)
 .any.text.leds_init
                0x00004f5c        0xa contiki-z1.a(leds.o)
                0x00004f5c                leds_init
 .any.text.leds_on
                0x00004f66        0xa contiki-z1.a(leds.o)
                0x00004f66                leds_on
 .any.text.leds_off
                0x00004f70        0xe contiki-z1.a(leds.o)
                0x00004f70                leds_off
 .any.text.watchdog_start
                0x00004f7e       0x14 contiki-z1.a(watchdog.o)
                0x00004f7e                watchdog_start
 .any.text.watchdog_periodic
                0x00004f92       0x12 contiki-z1.a(watchdog.o)
                0x00004f92                watchdog_periodic
 .any.text.watchdog_stop
                0x00004fa4       0x16 contiki-z1.a(watchdog.o)
                0x00004fa4                watchdog_stop
 .any.text.watchdog_init
                0x00004fba       0x12 contiki-z1.a(watchdog.o)
                0x00004fba                watchdog_init
 .any.text.wait_ready
                0x00004fcc       0x46 contiki-z1.a(xmem.o)
 .any.text.xmem_init
                0x00005012       0x1e contiki-z1.a(xmem.o)
                0x00005012                xmem_init
 .any.text.xmem_pread
                0x00005030       0xc2 contiki-z1.a(xmem.o)
                0x00005030                xmem_pread
 .any.text.spi_init
                0x000050f2       0x32 contiki-z1.a(spi.o)
                0x000050f2                spi_init
 .any.text.get_object
                0x00005124        0x4 contiki-z1.a(cc2420.o)
 .any.text.set_object
                0x00005128        0x4 contiki-z1.a(cc2420.o)
 .any.text.strobe
                0x0000512c       0x1a contiki-z1.a(cc2420.o)
 .any.text.getreg
                0x00005146       0x46 contiki-z1.a(cc2420.o)
 .any.text.setreg
                0x0000518c       0x44 contiki-z1.a(cc2420.o)
 .any.text.write_ram
                0x000051d0       0x72 contiki-z1.a(cc2420.o)
 .any.text.write_fifo_buf
                0x00005242       0x38 contiki-z1.a(cc2420.o)
 .any.text.get_status
                0x0000527a       0x1e contiki-z1.a(cc2420.o)
 .any.text.set_txpower
                0x00005298       0x24 contiki-z1.a(cc2420.o)
 .any.text.cc2420_receiving_packet
                0x000052bc        0xa contiki-z1.a(cc2420.o)
 .any.text.pending_packet
                0x000052c6        0xa contiki-z1.a(cc2420.o)
 .any.text.on   0x000052d0       0x1e contiki-z1.a(cc2420.o)
 .any.text.wait_for_transmission
                0x000052ee       0x22 contiki-z1.a(cc2420.o)
 .any.text.wait_for_status
                0x00005310       0x24 contiki-z1.a(cc2420.o)
 .any.text.getrxdata
                0x00005334       0x4c contiki-z1.a(cc2420.o)
 .any.text.flushrx
                0x00005380       0x1a contiki-z1.a(cc2420.o)
 .any.text.off  0x0000539a       0x52 contiki-z1.a(cc2420.o)
 .any.text.RELEASE_LOCK
                0x000053ec       0x28 contiki-z1.a(cc2420.o)
 .any.text.cc2420_prepare
                0x00005414       0x38 contiki-z1.a(cc2420.o)
 .any.text.cc2420_on
                0x0000544c       0x22 contiki-z1.a(cc2420.o)
                0x0000544c                cc2420_on
 .any.text.cc2420_off
                0x0000546e       0x30 contiki-z1.a(cc2420.o)
                0x0000546e                cc2420_off
 .any.text.cc2420_cca
                0x0000549e       0x54 contiki-z1.a(cc2420.o)
 .any.text.cc2420_read
                0x000054f2       0xa8 contiki-z1.a(cc2420.o)
 .any.text.process_thread_cc2420_process
                0x0000559a       0x54 contiki-z1.a(cc2420.o)
 .any.text.cc2420_set_channel
                0x000055ee       0x3a contiki-z1.a(cc2420.o)
                0x000055ee                cc2420_set_channel
 .any.text.cc2420_set_pan_addr
                0x00005628       0x4c contiki-z1.a(cc2420.o)
                0x00005628                cc2420_set_pan_addr
 .any.text.cc2420_interrupt
                0x00005674       0x16 contiki-z1.a(cc2420.o)
                0x00005674                cc2420_interrupt
 .any.text.cc2420_set_txpower
                0x0000568a        0xe contiki-z1.a(cc2420.o)
                0x0000568a                cc2420_set_txpower
 .any.text.cc2420_get_txpower
                0x00005698       0x1e contiki-z1.a(cc2420.o)
                0x00005698                cc2420_get_txpower
 .any.text.cc2420_transmit
                0x000056b6      0x108 contiki-z1.a(cc2420.o)
 .any.text.cc2420_send
                0x000057be       0x12 contiki-z1.a(cc2420.o)
 .any.text.cc2420_rssi
                0x000057d0       0x48 contiki-z1.a(cc2420.o)
                0x000057d0                cc2420_rssi
 .any.text.get_value
                0x00005818       0xa8 contiki-z1.a(cc2420.o)
 .any.text.cc2420_set_cca_threshold
                0x000058c0       0x16 contiki-z1.a(cc2420.o)
                0x000058c0                cc2420_set_cca_threshold
 .any.text.set_value
                0x000058d6       0x80 contiki-z1.a(cc2420.o)
 .any.text.cc2420_init
                0x00005956       0xd8 contiki-z1.a(cc2420.o)
                0x00005956                cc2420_init
 .any.text.cc2420_arch_init
                0x00005a2e       0x1a contiki-z1.a(cc2420-arch.o)
                0x00005a2e                cc2420_arch_init
 .any.text.node_id_restore
                0x00005a48       0x4c contiki-z1.a(node-id.o)
                0x00005a48                node_id_restore
 .any.text.process_thread_sensors_process
                0x00005a94       0xc2 contiki-z1.a(sensors.o)
 .any.text.sensors_changed
                0x00005b56       0x2a contiki-z1.a(sensors.o)
                0x00005b56                sensors_changed
 .any.text.status
                0x00005b80       0x18 contiki-z1.a(button-sensor.o)
 .any.text.value
                0x00005b98       0x20 contiki-z1.a(button-sensor.o)
 .any.text.configure
                0x00005bb8       0x4e contiki-z1.a(button-sensor.o)
 .any.text.uart0_active
                0x00005c06        0xe contiki-z1.a(uart0.o)
                0x00005c06                uart0_active
 .any.text.uart0_set_input
                0x00005c14        0x6 contiki-z1.a(uart0.o)
                0x00005c14                uart0_set_input
 .any.text.uart0_writeb
                0x00005c1a       0x16 contiki-z1.a(uart0.o)
                0x00005c1a                uart0_writeb
 .any.text.uart0_init
                0x00005c30       0x40 contiki-z1.a(uart0.o)
                0x00005c30                uart0_init
 .any.text.process_thread_slip_process
                0x00005c70      0x156 contiki-z1.a(slip.o)
 .any.text.slip_set_input_callback
                0x00005dc6        0x6 contiki-z1.a(slip.o)
                0x00005dc6                slip_set_input_callback
 .any.text.slip_send
                0x00005dcc       0x5a contiki-z1.a(slip.o)
                0x00005dcc                slip_send
 .any.text.slip_input_byte
                0x00005e26       0xbc contiki-z1.a(slip.o)
                0x00005e26                slip_input_byte
 .any.text.slip_arch_writeb
                0x00005ee2        0x6 contiki-z1.a(slip_uart0.o)
                0x00005ee2                slip_arch_writeb
 .any.text.slip_arch_init
                0x00005ee8        0xa contiki-z1.a(slip_uart0.o)
                0x00005ee8                slip_arch_init
 .any.text.accm_write_reg
                0x00005ef2       0x2e contiki-z1.a(adxl345.o)
                0x00005ef2                accm_write_reg
 .any.text.accm_write_stream
                0x00005f20       0x2a contiki-z1.a(adxl345.o)
                0x00005f20                accm_write_stream
 .any.text.accm_read_reg
                0x00005f4a       0x54 contiki-z1.a(adxl345.o)
                0x00005f4a                accm_read_reg
 .any.text.process_thread_accmeter_process
                0x00005f9e       0x56 contiki-z1.a(adxl345.o)
 .any.text.accm_init
                0x00005ff4       0x8c contiki-z1.a(adxl345.o)
                0x00005ff4                accm_init
 .any.text.clock_time
                0x00006080       0x1a contiki-z1.a(clock.o)
                0x00006080                clock_time
 .any.text.clock_init
                0x0000609a       0x28 contiki-z1.a(clock.o)
                0x0000609a                clock_init
 .any.text.clock_delay
                0x000060c2        0xc contiki-z1.a(clock.o)
                0x000060c2                clock_delay
 .any.text.clock_wait
                0x000060ce       0x24 contiki-z1.a(clock.o)
                0x000060ce                clock_wait
 .any.text.clock_seconds
                0x000060f2       0x1a contiki-z1.a(clock.o)
                0x000060f2                clock_seconds
 .any.text.leds_arch_init
                0x0000610c        0xe contiki-z1.a(leds-arch.o)
                0x0000610c                leds_arch_init
 .any.text.leds_arch_set
                0x0000611a       0x38 contiki-z1.a(leds-arch.o)
                0x0000611a                leds_arch_set
 .any.text.rtimer_arch_init
                0x00006152        0xe contiki-z1.a(rtimer-arch.o)
                0x00006152                rtimer_arch_init
 .any.text.rtimer_arch_now
                0x00006160        0xe contiki-z1.a(rtimer-arch.o)
                0x00006160                rtimer_arch_now
 .any.text.rtimer_arch_schedule
                0x0000616e        0x6 contiki-z1.a(rtimer-arch.o)
                0x0000616e                rtimer_arch_schedule
 .any.text.autostart_start
                0x00006174       0x16 contiki-z1.a(autostart.o)
                0x00006174                autostart_start
 .any.text.process_thread_ctimer_process
                0x0000618a       0xa0 contiki-z1.a(ctimer.o)
 .any.text.ctimer_init
                0x0000622a       0x18 contiki-z1.a(ctimer.o)
                0x0000622a                ctimer_init
 .any.text.ctimer_set
                0x00006242       0x48 contiki-z1.a(ctimer.o)
                0x00006242                ctimer_set
 .any.text.ctimer_reset
                0x0000628a       0x2c contiki-z1.a(ctimer.o)
                0x0000628a                ctimer_reset
 .any.text.ctimer_stop
                0x000062b6       0x28 contiki-z1.a(ctimer.o)
                0x000062b6                ctimer_stop
 .any.text.energest_init
                0x000062de       0x24 contiki-z1.a(energest.o)
                0x000062de                energest_init
 .any.text.energest_type_time
                0x00006302       0x3c contiki-z1.a(energest.o)
                0x00006302                energest_type_time
 .any.text.energest_type_set
                0x0000633e        0xc contiki-z1.a(energest.o)
                0x0000633e                energest_type_set
 .any.text.energest_flush
                0x0000634a       0x38 contiki-z1.a(energest.o)
                0x0000634a                energest_flush
 .any.text.update_time
                0x00006382       0x70 contiki-z1.a(etimer.o)
 .any.text.etimer_request_poll
                0x000063f2        0xa contiki-z1.a(etimer.o)
                0x000063f2                etimer_request_poll
 .any.text.process_thread_etimer_process
                0x000063fc       0xc4 contiki-z1.a(etimer.o)
 .any.text.add_timer
                0x000064c0       0x40 contiki-z1.a(etimer.o)
 .any.text.etimer_set
                0x00006500       0x12 contiki-z1.a(etimer.o)
                0x00006500                etimer_set
 .any.text.etimer_reset
                0x00006512       0x12 contiki-z1.a(etimer.o)
                0x00006512                etimer_reset
 .any.text.etimer_restart
                0x00006524       0x12 contiki-z1.a(etimer.o)
                0x00006524                etimer_restart
 .any.text.etimer_expired
                0x00006536        0xe contiki-z1.a(etimer.o)
                0x00006536                etimer_expired
 .any.text.etimer_expiration_time
                0x00006544       0x14 contiki-z1.a(etimer.o)
                0x00006544                etimer_expiration_time
 .any.text.etimer_pending
                0x00006558        0xc contiki-z1.a(etimer.o)
                0x00006558                etimer_pending
 .any.text.etimer_next_expiration_time
                0x00006564       0x16 contiki-z1.a(etimer.o)
                0x00006564                etimer_next_expiration_time
 .any.text.etimer_stop
                0x0000657a       0x3e contiki-z1.a(etimer.o)
                0x0000657a                etimer_stop
 .any.text.call_process
                0x000065b8       0x40 contiki-z1.a(process.o)
 .any.text.exit_process
                0x000065f8       0x88 contiki-z1.a(process.o)
 .any.text.do_poll
                0x00006680       0x30 contiki-z1.a(process.o)
 .any.text.process_alloc_event
                0x000066b0        0xe contiki-z1.a(process.o)
                0x000066b0                process_alloc_event
 .any.text.process_init
                0x000066be       0x1c contiki-z1.a(process.o)
                0x000066be                process_init
 .any.text.process_run
                0x000066da       0xa4 contiki-z1.a(process.o)
                0x000066da                process_run
 .any.text.process_nevents
                0x0000677e        0xe contiki-z1.a(process.o)
                0x0000677e                process_nevents
 .any.text.process_post
                0x0000678c       0x50 contiki-z1.a(process.o)
                0x0000678c                process_post
 .any.text.process_post_synch
                0x000067dc       0x12 contiki-z1.a(process.o)
                0x000067dc                process_post_synch
 .any.text.process_start
                0x000067ee       0x36 contiki-z1.a(process.o)
                0x000067ee                process_start
 .any.text.process_poll
                0x00006824       0x18 contiki-z1.a(process.o)
                0x00006824                process_poll
 .any.text.rtimer_init
                0x0000683c        0x6 contiki-z1.a(rtimer.o)
                0x0000683c                rtimer_init
 .any.text.rtimer_set
                0x00006842       0x24 contiki-z1.a(rtimer.o)
                0x00006842                rtimer_set
 .any.text.rtimer_run_next
                0x00006866       0x26 contiki-z1.a(rtimer.o)
                0x00006866                rtimer_run_next
 .any.text.timer_set
                0x0000688c       0x1c contiki-z1.a(timer.o)
                0x0000688c                timer_set
 .any.text.timer_reset
                0x000068a8        0xe contiki-z1.a(timer.o)
                0x000068a8                timer_reset
 .any.text.timer_restart
                0x000068b6       0x14 contiki-z1.a(timer.o)
                0x000068b6                timer_restart
 .any.text.timer_expired
                0x000068ca       0x2a contiki-z1.a(timer.o)
                0x000068ca                timer_expired
 .any.text.list_init
                0x000068f4        0x6 contiki-z1.a(list.o)
                0x000068f4                list_init
 .any.text.list_head
                0x000068fa        0x4 contiki-z1.a(list.o)
                0x000068fa                list_head
 .any.text.list_tail
                0x000068fe       0x12 contiki-z1.a(list.o)
                0x000068fe                list_tail
 .any.text.list_remove
                0x00006910       0x34 contiki-z1.a(list.o)
                0x00006910                list_remove
 .any.text.list_push
                0x00006944       0x16 contiki-z1.a(list.o)
                0x00006944                list_push
 .any.text.list_add
                0x0000695a       0x26 contiki-z1.a(list.o)
                0x0000695a                list_add
 .any.text.list_length
                0x00006980       0x10 contiki-z1.a(list.o)
                0x00006980                list_length
 .any.text.list_item_next
                0x00006990        0xc contiki-z1.a(list.o)
                0x00006990                list_item_next
 .any.text.memb_init
                0x0000699c       0x36 contiki-z1.a(memb.o)
                0x0000699c                memb_init
 .any.text.memb_alloc
                0x000069d2       0x3e contiki-z1.a(memb.o)
                0x000069d2                memb_alloc
 .any.text.memb_free
                0x00006a10       0x3a contiki-z1.a(memb.o)
                0x00006a10                memb_free
 .any.text.memb_inmemb
                0x00006a4a       0x2a contiki-z1.a(memb.o)
                0x00006a4a                memb_inmemb
 .any.text.memb_numfree
                0x00006a74       0x26 contiki-z1.a(memb.o)
                0x00006a74                memb_numfree
 .any.text.fire
                0x00006a9a       0x84 contiki-z1.a(trickle-timer.o)
 .any.text.new_interval
                0x00006b1e       0x6c contiki-z1.a(trickle-timer.o)
 .any.text.double_interval
                0x00006b8a       0xea contiki-z1.a(trickle-timer.o)
 .any.text.trickle_timer_consistency
                0x00006c74       0x10 contiki-z1.a(trickle-timer.o)
                0x00006c74                trickle_timer_consistency
 .any.text.trickle_timer_inconsistency
                0x00006c84       0x20 contiki-z1.a(trickle-timer.o)
                0x00006c84                trickle_timer_inconsistency
 .any.text.trickle_timer_config
                0x00006ca4       0xee contiki-z1.a(trickle-timer.o)
                0x00006ca4                trickle_timer_config
 .any.text.trickle_timer_set
                0x00006d92       0x66 contiki-z1.a(trickle-timer.o)
                0x00006d92                trickle_timer_set
 .any.text.set_packet_attrs
                0x00006df8       0x46 contiki-z1.a(sicslowpan.o)
 .any.text.addr_context_lookup_by_number
                0x00006e3e       0x30 contiki-z1.a(sicslowpan.o)
 .any.text.compress_addr_64
                0x00006e6e       0x9a contiki-z1.a(sicslowpan.o)
 .any.text.uncompress_addr
                0x00006f08       0x96 contiki-z1.a(sicslowpan.o)
 .any.text.input
                0x00006f9e      0x5e2 contiki-z1.a(sicslowpan.o)
 .any.text.sicslowpan_init
                0x00007580       0x26 contiki-z1.a(sicslowpan.o)
                0x00007580                sicslowpan_init
 .any.text.addr_context_lookup_by_prefix
                0x000075a6       0x4a contiki-z1.a(sicslowpan.o)
 .any.text.packet_sent
                0x000075f0       0x22 contiki-z1.a(sicslowpan.o)
 .any.text.send_packet
                0x00007612       0x1a contiki-z1.a(sicslowpan.o)
 .any.text.output
                0x0000762c      0x684 contiki-z1.a(sicslowpan.o)
 .any.text.chksum
                0x00007cb0       0x32 contiki-z1.a(uip6.o)
 .any.text.upper_layer_chksum
                0x00007ce2       0x56 contiki-z1.a(uip6.o)
 .any.text.ext_hdr_options_process
                0x00007d38       0xc2 contiki-z1.a(uip6.o)
 .any.text.uip_add32
                0x00007dfa       0x60 contiki-z1.a(uip6.o)
                0x00007dfa                uip_add32
 .any.text.uip_add_rcv_nxt
                0x00007e5a       0x2e contiki-z1.a(uip6.o)
 .any.text.uip_icmp6chksum
                0x00007e88        0xa contiki-z1.a(uip6.o)
                0x00007e88                uip_icmp6chksum
 .any.text.uip_tcpchksum
                0x00007e92        0xa contiki-z1.a(uip6.o)
                0x00007e92                uip_tcpchksum
 .any.text.uip_udpchksum
                0x00007e9c        0xa contiki-z1.a(uip6.o)
                0x00007e9c                uip_udpchksum
 .any.text.uip_init
                0x00007ea6       0x62 contiki-z1.a(uip6.o)
                0x00007ea6                uip_init
 .any.text.remove_ext_hdr
                0x00007f08       0x54 contiki-z1.a(uip6.o)
                0x00007f08                remove_ext_hdr
 .any.text.uip_udp_new
                0x00007f5c       0xb8 contiki-z1.a(uip6.o)
                0x00007f5c                uip_udp_new
 .any.text.uip_unlisten
                0x00008014       0x2a contiki-z1.a(uip6.o)
                0x00008014                uip_unlisten
 .any.text.uip_listen
                0x0000803e       0x2c contiki-z1.a(uip6.o)
                0x0000803e                uip_listen
 .any.text.uip_process
                0x0000806a      0xdfe contiki-z1.a(uip6.o)
                0x0000806a                uip_process
 .any.text.uip_htonl
                0x00008e68       0x2a contiki-z1.a(uip6.o)
                0x00008e68                uip_htonl
 .any.text.uip_send
                0x00008e92       0x48 contiki-z1.a(uip6.o)
                0x00008e92                uip_send
 .any.text.uip_ds6_list_loop
                0x00008eda       0x66 contiki-z1.a(uip-ds6.o)
                0x00008eda                uip_ds6_list_loop
 .any.text.uip_ds6_prefix_add
                0x00008f40       0x70 contiki-z1.a(uip-ds6.o)
                0x00008f40                uip_ds6_prefix_add
 .any.text.uip_ds6_is_addr_onlink
                0x00008fb0       0x42 contiki-z1.a(uip-ds6.o)
                0x00008fb0                uip_ds6_is_addr_onlink
 .any.text.uip_ds6_addr_lookup
                0x00008ff2       0x2a contiki-z1.a(uip-ds6.o)
                0x00008ff2                uip_ds6_addr_lookup
 .any.text.uip_ds6_get_link_local
                0x0000901c       0x3e contiki-z1.a(uip-ds6.o)
                0x0000901c                uip_ds6_get_link_local
 .any.text.uip_ds6_maddr_add
                0x0000905a       0x48 contiki-z1.a(uip-ds6.o)
                0x0000905a                uip_ds6_maddr_add
 .any.text.uip_ds6_addr_add
                0x000090a2       0xb4 contiki-z1.a(uip-ds6.o)
                0x000090a2                uip_ds6_addr_add
 .any.text.uip_ds6_maddr_rm
                0x00009156        0xa contiki-z1.a(uip-ds6.o)
                0x00009156                uip_ds6_maddr_rm
 .any.text.uip_ds6_maddr_lookup
                0x00009160       0x2a contiki-z1.a(uip-ds6.o)
                0x00009160                uip_ds6_maddr_lookup
 .any.text.uip_ds6_addr_rm
                0x0000918a       0x54 contiki-z1.a(uip-ds6.o)
                0x0000918a                uip_ds6_addr_rm
 .any.text.uip_ds6_periodic
                0x000091de       0x4a contiki-z1.a(uip-ds6.o)
                0x000091de                uip_ds6_periodic
 .any.text.uip_ds6_set_addr_iid
                0x00009228       0x14 contiki-z1.a(uip-ds6.o)
                0x00009228                uip_ds6_set_addr_iid
 .any.text.get_match_length
                0x0000923c       0x3c contiki-z1.a(uip-ds6.o)
                0x0000923c                get_match_length
 .any.text.uip_ds6_select_src
                0x00009278       0x9a contiki-z1.a(uip-ds6.o)
                0x00009278                uip_ds6_select_src
 .any.text.uip_ds6_compute_reachable_time
                0x00009312       0x36 contiki-z1.a(uip-ds6.o)
                0x00009312                uip_ds6_compute_reachable_time
 .any.text.uip_ds6_init
                0x00009348      0x138 contiki-z1.a(uip-ds6.o)
                0x00009348                uip_ds6_init
 .any.text.uip_ds6_nbr_rm
                0x00009480       0x1a contiki-z1.a(uip-ds6-nbr.o)
                0x00009480                uip_ds6_nbr_rm
 .any.text.uip_ds6_neighbors_init
                0x0000949a        0xe contiki-z1.a(uip-ds6-nbr.o)
                0x0000949a                uip_ds6_neighbors_init
 .any.text.uip_ds6_nbr_add
                0x000094a8       0x54 contiki-z1.a(uip-ds6-nbr.o)
                0x000094a8                uip_ds6_nbr_add
 .any.text.uip_ds6_nbr_get_ll
                0x000094fc        0xc contiki-z1.a(uip-ds6-nbr.o)
                0x000094fc                uip_ds6_nbr_get_ll
 .any.text.uip_ds6_nbr_lookup
                0x00009508       0x3e contiki-z1.a(uip-ds6-nbr.o)
                0x00009508                uip_ds6_nbr_lookup
 .any.text.uip_ds6_nbr_ll_lookup
                0x00009546        0xc contiki-z1.a(uip-ds6-nbr.o)
                0x00009546                uip_ds6_nbr_ll_lookup
 .any.text.uip_ds6_nbr_ipaddr_from_lladdr
                0x00009552        0x6 contiki-z1.a(uip-ds6-nbr.o)
                0x00009552                uip_ds6_nbr_ipaddr_from_lladdr
 .any.text.uip_ds6_nbr_lladdr_from_ipaddr
                0x00009558       0x12 contiki-z1.a(uip-ds6-nbr.o)
                0x00009558                uip_ds6_nbr_lladdr_from_ipaddr
 .any.text.uip_ds6_link_neighbor_callback
                0x0000956a       0x26 contiki-z1.a(uip-ds6-nbr.o)
                0x0000956a                uip_ds6_link_neighbor_callback
 .any.text.uip_ds6_neighbor_periodic
                0x00009590      0x11e contiki-z1.a(uip-ds6-nbr.o)
                0x00009590                uip_ds6_neighbor_periodic
 .any.text.call_route_callback
                0x000096ae       0x40 contiki-z1.a(uip-ds6-route.o)
 .any.text.uip_ds6_route_init
                0x000096ee       0x36 contiki-z1.a(uip-ds6-route.o)
                0x000096ee                uip_ds6_route_init
 .any.text.uip_ds6_route_nexthop
                0x00009724       0x1a contiki-z1.a(uip-ds6-route.o)
                0x00009724                uip_ds6_route_nexthop
 .any.text.uip_ds6_route_head
                0x0000973e        0xa contiki-z1.a(uip-ds6-route.o)
                0x0000973e                uip_ds6_route_head
 .any.text.uip_ds6_route_next
                0x00009748        0xe contiki-z1.a(uip-ds6-route.o)
                0x00009748                uip_ds6_route_next
 .any.text.uip_ds6_route_lookup
                0x00009756       0x6e contiki-z1.a(uip-ds6-route.o)
                0x00009756                uip_ds6_route_lookup
 .any.text.uip_ds6_route_rm
                0x000097c4       0xa2 contiki-z1.a(uip-ds6-route.o)
                0x000097c4                uip_ds6_route_rm
 .any.text.rm_routelist
                0x00009866       0x34 contiki-z1.a(uip-ds6-route.o)
 .any.text.rm_routelist_callback
                0x0000989a        0x6 contiki-z1.a(uip-ds6-route.o)
 .any.text.uip_ds6_route_add
                0x000098a0       0xf8 contiki-z1.a(uip-ds6-route.o)
                0x000098a0                uip_ds6_route_add
 .any.text.uip_ds6_defrt_rm
                0x00009998       0x44 contiki-z1.a(uip-ds6-route.o)
                0x00009998                uip_ds6_defrt_rm
 .any.text.uip_ds6_defrt_lookup
                0x000099dc       0x32 contiki-z1.a(uip-ds6-route.o)
                0x000099dc                uip_ds6_defrt_lookup
 .any.text.uip_ds6_defrt_add
                0x00009a0e       0x68 contiki-z1.a(uip-ds6-route.o)
                0x00009a0e                uip_ds6_defrt_add
 .any.text.uip_ds6_defrt_choose
                0x00009a76       0x36 contiki-z1.a(uip-ds6-route.o)
                0x00009a76                uip_ds6_defrt_choose
 .any.text.uip_ds6_defrt_periodic
                0x00009aac       0x38 contiki-z1.a(uip-ds6-route.o)
                0x00009aac                uip_ds6_defrt_periodic
 .any.text.echo_reply_input
                0x00009ae4      0x108 contiki-z1.a(uip-icmp6.o)
 .any.text.echo_request_input
                0x00009bec      0x128 contiki-z1.a(uip-icmp6.o)
 .any.text.uip_icmp6_input
                0x00009d14       0x44 contiki-z1.a(uip-icmp6.o)
                0x00009d14                uip_icmp6_input
 .any.text.uip_icmp6_register_input_handler
                0x00009d58        0xc contiki-z1.a(uip-icmp6.o)
                0x00009d58                uip_icmp6_register_input_handler
 .any.text.uip_icmp6_error_output
                0x00009d64      0x16c contiki-z1.a(uip-icmp6.o)
                0x00009d64                uip_icmp6_error_output
 .any.text.uip_icmp6_send
                0x00009ed0       0x84 contiki-z1.a(uip-icmp6.o)
                0x00009ed0                uip_icmp6_send
 .any.text.uip_icmp6_init
                0x00009f54       0x12 contiki-z1.a(uip-icmp6.o)
                0x00009f54                uip_icmp6_init
 .any.text.na_input
                0x00009f66      0x1a0 contiki-z1.a(uip-nd6.o)
 .any.text.ns_input
                0x0000a106      0x246 contiki-z1.a(uip-nd6.o)
 .any.text.uip_nd6_ns_output
                0x0000a34c      0x176 contiki-z1.a(uip-nd6.o)
                0x0000a34c                uip_nd6_ns_output
 .any.text.uip_nd6_init
                0x0000a4c2       0x12 contiki-z1.a(uip-nd6.o)
                0x0000a4c2                uip_nd6_init
 .any.text.psock_send
                0x0000a4d4       0xae contiki-z1.a(psock.o)
                0x0000a4d4                psock_send
 .any.text.psock_datalen
                0x0000a582        0xc contiki-z1.a(psock.o)
                0x0000a582                psock_datalen
 .any.text.psock_newdata
                0x0000a58e       0x24 contiki-z1.a(psock.o)
                0x0000a58e                psock_newdata
 .any.text.psock_readto
                0x0000a5b2       0xb4 contiki-z1.a(psock.o)
                0x0000a5b2                psock_readto
 .any.text.psock_init
                0x0000a666       0x22 contiki-z1.a(psock.o)
                0x0000a666                psock_init
 .any.text.start_periodic_tcp_timer
                0x0000a688       0x16 contiki-z1.a(tcpip.o)
 .any.text.tcpip_output
                0x0000a69e       0x10 contiki-z1.a(tcpip.o)
                0x0000a69e                tcpip_output
 .any.text.tcpip_set_outputfunc
                0x0000a6ae        0x6 contiki-z1.a(tcpip.o)
                0x0000a6ae                tcpip_set_outputfunc
 .any.text.tcp_listen
                0x0000a6b4       0x3a contiki-z1.a(tcpip.o)
                0x0000a6b4                tcp_listen
 .any.text.tcp_attach
                0x0000a6ee        0xc contiki-z1.a(tcpip.o)
                0x0000a6ee                tcp_attach
 .any.text.udp_new
                0x0000a6fa       0x1a contiki-z1.a(tcpip.o)
                0x0000a6fa                udp_new
 .any.text.tcpip_input
                0x0000a714       0x16 contiki-z1.a(tcpip.o)
                0x0000a714                tcpip_input
 .any.text.tcpip_ipv6_output
                0x0000a72a      0x164 contiki-z1.a(tcpip.o)
                0x0000a72a                tcpip_ipv6_output
 .any.text.process_thread_tcpip_process
                0x0000a88e      0x1be contiki-z1.a(tcpip.o)
 .any.text.tcpip_uipcall
                0x0000aa4c       0x70 contiki-z1.a(tcpip.o)
                0x0000aa4c                tcpip_uipcall
 .any.text.uip_debug_ipaddr_print
                0x0000aabc       0x72 contiki-z1.a(uip-debug.o)
                0x0000aabc                uip_debug_ipaddr_print
 .any.text.uip_udp_packet_send
                0x0000ab2e       0x2e contiki-z1.a(uip-udp-packet.)
                0x0000ab2e                uip_udp_packet_send
 .any.text.rpl_get_mode
                0x0000ab5c        0x6 contiki-z1.a(rpl.o)
                0x0000ab5c                rpl_get_mode
 .any.text.rpl_purge_routes
                0x0000ab62       0x96 contiki-z1.a(rpl.o)
                0x0000ab62                rpl_purge_routes
 .any.text.rpl_remove_routes
                0x0000abf8       0x22 contiki-z1.a(rpl.o)
                0x0000abf8                rpl_remove_routes
 .any.text.rpl_remove_routes_by_nexthop
                0x0000ac1a       0x3e contiki-z1.a(rpl.o)
                0x0000ac1a                rpl_remove_routes_by_nexthop
 .any.text.rpl_add_route
                0x0000ac58       0x48 contiki-z1.a(rpl.o)
                0x0000ac58                rpl_add_route
 .any.text.rpl_link_neighbor_callback
                0x0000aca0       0x74 contiki-z1.a(rpl.o)
                0x0000aca0                rpl_link_neighbor_callback
 .any.text.rpl_ipv6_neighbor_callback
                0x0000ad14       0x1e contiki-z1.a(rpl.o)
                0x0000ad14                rpl_ipv6_neighbor_callback
 .any.text.rpl_init
                0x0000ad32       0x4a contiki-z1.a(rpl.o)
                0x0000ad32                rpl_init
 .any.text.lollipop_greater_than
                0x0000ad7c       0x3c contiki-z1.a(rpl-dag.o)
 .any.text.find_parent_any_dag_any_instance
                0x0000adb8       0x14 contiki-z1.a(rpl-dag.o)
 .any.text.rpl_set_preferred_parent
                0x0000adcc       0x2c contiki-z1.a(rpl-dag.o)
 .any.text.set_ip_from_prefix
                0x0000adf8       0x30 contiki-z1.a(rpl-dag.o)
 .any.text.check_prefix
                0x0000ae28       0x70 contiki-z1.a(rpl-dag.o)
 .any.text.rpl_get_nbr
                0x0000ae98       0x1e contiki-z1.a(rpl-dag.o)
                0x0000ae98                rpl_get_nbr
 .any.text.rpl_dag_init
                0x0000aeb6        0xe contiki-z1.a(rpl-dag.o)
                0x0000aeb6                rpl_dag_init
 .any.text.rpl_get_parent
                0x0000aec4        0xc contiki-z1.a(rpl-dag.o)
                0x0000aec4                rpl_get_parent
 .any.text.rpl_get_parent_ipaddr
                0x0000aed0       0x10 contiki-z1.a(rpl-dag.o)
                0x0000aed0                rpl_get_parent_ipaddr
 .any.text.rpl_set_prefix
                0x0000aee0       0x74 contiki-z1.a(rpl-dag.o)
                0x0000aee0                rpl_set_prefix
 .any.text.rpl_set_default_route
                0x0000af54       0x60 contiki-z1.a(rpl-dag.o)
                0x0000af54                rpl_set_default_route
 .any.text.rpl_alloc_instance
                0x0000afb4       0x34 contiki-z1.a(rpl-dag.o)
                0x0000afb4                rpl_alloc_instance
 .any.text.rpl_add_parent
                0x0000afe8       0x4e contiki-z1.a(rpl-dag.o)
                0x0000afe8                rpl_add_parent
 .any.text.rpl_find_parent
                0x0000b036       0x1c contiki-z1.a(rpl-dag.o)
                0x0000b036                rpl_find_parent
 .any.text.rpl_find_parent_any_dag
                0x0000b052       0x24 contiki-z1.a(rpl-dag.o)
                0x0000b052                rpl_find_parent_any_dag
 .any.text.rpl_select_parent
                0x0000b076       0x76 contiki-z1.a(rpl-dag.o)
                0x0000b076                rpl_select_parent
 .any.text.rpl_select_dag
                0x0000b0ec      0x196 contiki-z1.a(rpl-dag.o)
                0x0000b0ec                rpl_select_dag
 .any.text.rpl_nullify_parent
                0x0000b282       0x50 contiki-z1.a(rpl-dag.o)
                0x0000b282                rpl_nullify_parent
 .any.text.rpl_remove_parent
                0x0000b2d2       0x16 contiki-z1.a(rpl-dag.o)
                0x0000b2d2                rpl_remove_parent
 .any.text.nbr_callback
                0x0000b2e8        0x6 contiki-z1.a(rpl-dag.o)
 .any.text.remove_parents.constprop.5
                0x0000b2ee       0x2e contiki-z1.a(rpl-dag.o)
 .any.text.rpl_free_dag
                0x0000b31c       0x34 contiki-z1.a(rpl-dag.o)
                0x0000b31c                rpl_free_dag
 .any.text.rpl_move_parent
                0x0000b350       0x52 contiki-z1.a(rpl-dag.o)
                0x0000b350                rpl_move_parent
 .any.text.rpl_get_any_dag
                0x0000b3a2       0x16 contiki-z1.a(rpl-dag.o)
                0x0000b3a2                rpl_get_any_dag
 .any.text.rpl_get_instance
                0x0000b3b8       0x16 contiki-z1.a(rpl-dag.o)
                0x0000b3b8                rpl_get_instance
 .any.text.rpl_alloc_dag
                0x0000b3ce       0x60 contiki-z1.a(rpl-dag.o)
                0x0000b3ce                rpl_alloc_dag
 .any.text.rpl_repair_root
                0x0000b42e       0x4c contiki-z1.a(rpl-dag.o)
                0x0000b42e                rpl_repair_root
 .any.text.rpl_set_root
                0x0000b47a      0x11a contiki-z1.a(rpl-dag.o)
                0x0000b47a                rpl_set_root
 .any.text.rpl_find_of
                0x0000b594       0x10 contiki-z1.a(rpl-dag.o)
                0x0000b594                rpl_find_of
 .any.text.rpl_join_instance
                0x0000b5a4      0x128 contiki-z1.a(rpl-dag.o)
                0x0000b5a4                rpl_join_instance
 .any.text.rpl_local_repair
                0x0000b6cc       0x68 contiki-z1.a(rpl-dag.o)
                0x0000b6cc                rpl_local_repair
 .any.text.rpl_process_parent_event
                0x0000b734       0x6c contiki-z1.a(rpl-dag.o)
                0x0000b734                rpl_process_parent_event
 .any.text.rpl_recalculate_ranks
                0x0000b7a0       0x46 contiki-z1.a(rpl-dag.o)
                0x0000b7a0                rpl_recalculate_ranks
 .any.text.rpl_add_dag
                0x0000b7e6      0x102 contiki-z1.a(rpl-dag.o)
                0x0000b7e6                rpl_add_dag
 .any.text.rpl_process_dio
                0x0000b8e8      0x2e0 contiki-z1.a(rpl-dag.o)
                0x0000b8e8                rpl_process_dio
 .any.text.rpl_lock_parent
                0x0000bbc8        0xc contiki-z1.a(rpl-dag.o)
                0x0000bbc8                rpl_lock_parent
 .any.text.rpl_verify_header
                0x0000bbd4       0xae contiki-z1.a(rpl-ext-header.)
                0x0000bbd4                rpl_verify_header
 .any.text.rpl_update_header_empty
                0x0000bc82      0x12a contiki-z1.a(rpl-ext-header.)
                0x0000bc82                rpl_update_header_empty
 .any.text.rpl_update_header_final
                0x0000bdac       0x90 contiki-z1.a(rpl-ext-header.)
                0x0000bdac                rpl_update_header_final
 .any.text.rpl_invert_header
                0x0000be3c       0x74 contiki-z1.a(rpl-ext-header.)
                0x0000be3c                rpl_invert_header
 .any.text.rpl_insert_header
                0x0000beb0       0x12 contiki-z1.a(rpl-ext-header.)
                0x0000beb0                rpl_insert_header
 .any.text.get32
                0x0000bec2       0x3e contiki-z1.a(rpl-icmp6.o)
 .any.text.set32
                0x0000bf00       0x2a contiki-z1.a(rpl-icmp6.o)
 .any.text.get16
                0x0000bf2a        0xe contiki-z1.a(rpl-icmp6.o)
 .any.text.set16
                0x0000bf38       0x10 contiki-z1.a(rpl-icmp6.o)
 .any.text.dao_ack_input
                0x0000bf48        0x6 contiki-z1.a(rpl-icmp6.o)
 .any.text.dio_input
                0x0000bf4e      0x2b0 contiki-z1.a(rpl-icmp6.o)
 .any.text.dis_output
                0x0000c1fe       0x50 contiki-z1.a(rpl-icmp6.o)
                0x0000c1fe                dis_output
 .any.text.dio_output
                0x0000c24e      0x242 contiki-z1.a(rpl-icmp6.o)
                0x0000c24e                dio_output
 .any.text.dis_input
                0x0000c490       0x28 contiki-z1.a(rpl-icmp6.o)
 .any.text.dao_output_target
                0x0000c4b8       0xd0 contiki-z1.a(rpl-icmp6.o)
                0x0000c4b8                dao_output_target
 .any.text.dao_output
                0x0000c588       0x68 contiki-z1.a(rpl-icmp6.o)
                0x0000c588                dao_output
 .any.text.dao_ack_output
                0x0000c5f0       0x32 contiki-z1.a(rpl-icmp6.o)
                0x0000c5f0                dao_ack_output
 .any.text.dao_input
                0x0000c622      0x288 contiki-z1.a(rpl-icmp6.o)
 .any.text.rpl_icmp6_register_handlers
                0x0000c8aa       0x22 contiki-z1.a(rpl-icmp6.o)
                0x0000c8aa                rpl_icmp6_register_handlers
 .any.text.reset
                0x0000c8cc        0x2 contiki-z1.a(rpl-mrhof.o)
 .any.text.update_metric_container
                0x0000c8ce        0x6 contiki-z1.a(rpl-mrhof.o)
 .any.text.calculate_rank
                0x0000c8d4       0x3e contiki-z1.a(rpl-mrhof.o)
 .any.text.neighbor_link_callback
                0x0000c912       0x8c contiki-z1.a(rpl-mrhof.o)
 .any.text.best_dag
                0x0000c99e       0x2e contiki-z1.a(rpl-mrhof.o)
 .any.text.best_parent
                0x0000c9cc       0x68 contiki-z1.a(rpl-mrhof.o)
 .any.text.new_dio_interval
                0x0000ca34       0x8a contiki-z1.a(rpl-timers.o)
 .any.text.set_dao_lifetime_timer
                0x0000cabe       0x66 contiki-z1.a(rpl-timers.o)
 .any.text.handle_periodic_timer
                0x0000cb24       0x2e contiki-z1.a(rpl-timers.o)
 .any.text.schedule_dao
                0x0000cb52       0x72 contiki-z1.a(rpl-timers.o)
 .any.text.handle_dio_timer
                0x0000cbc4       0x88 contiki-z1.a(rpl-timers.o)
 .any.text.handle_dao_timer
                0x0000cc4c       0x64 contiki-z1.a(rpl-timers.o)
 .any.text.rpl_reset_periodic_timer
                0x0000ccb0       0x54 contiki-z1.a(rpl-timers.o)
                0x0000ccb0                rpl_reset_periodic_timer
 .any.text.rpl_reset_dio_timer
                0x0000cd04       0x18 contiki-z1.a(rpl-timers.o)
                0x0000cd04                rpl_reset_dio_timer
 .any.text.rpl_schedule_dao
                0x0000cd1c        0xc contiki-z1.a(rpl-timers.o)
                0x0000cd1c                rpl_schedule_dao
 .any.text.rpl_schedule_probing
                0x0000cd28       0x34 contiki-z1.a(rpl-timers.o)
                0x0000cd28                rpl_schedule_probing
 .any.text.handle_probing_timer
                0x0000cd5c      0x112 contiki-z1.a(rpl-timers.o)
 .any.text.linkaddr_copy
                0x0000ce6e        0x8 contiki-z1.a(linkaddr.o)
                0x0000ce6e                linkaddr_copy
 .any.text.linkaddr_cmp
                0x0000ce76       0x12 contiki-z1.a(linkaddr.o)
                0x0000ce76                linkaddr_cmp
 .any.text.linkaddr_set_node_addr
                0x0000ce88        0xc contiki-z1.a(linkaddr.o)
                0x0000ce88                linkaddr_set_node_addr
 .any.text.item_from_index
                0x0000ce94       0x2a contiki-z1.a(nbr-table.o)
 .any.text.index_from_key
                0x0000cebe       0x26 contiki-z1.a(nbr-table.o)
 .any.text.index_from_item
                0x0000cee4       0x1e contiki-z1.a(nbr-table.o)
 .any.text.nbr_set_bit
                0x0000cf02       0x50 contiki-z1.a(nbr-table.o)
 .any.text.index_from_lladdr
                0x0000cf52       0x3e contiki-z1.a(nbr-table.o)
 .any.text.nbr_get_bit.constprop.0
                0x0000cf90       0x2c contiki-z1.a(nbr-table.o)
 .any.text.nbr_table_register
                0x0000cfbc       0x26 contiki-z1.a(nbr-table.o)
                0x0000cfbc                nbr_table_register
 .any.text.nbr_table_next
                0x0000cfe2       0x4c contiki-z1.a(nbr-table.o)
                0x0000cfe2                nbr_table_next
 .any.text.nbr_table_head
                0x0000d02e       0x36 contiki-z1.a(nbr-table.o)
                0x0000d02e                nbr_table_head
 .any.text.nbr_table_add_lladdr
                0x0000d064      0x110 contiki-z1.a(nbr-table.o)
                0x0000d064                nbr_table_add_lladdr
 .any.text.nbr_table_get_from_lladdr
                0x0000d174       0x28 contiki-z1.a(nbr-table.o)
                0x0000d174                nbr_table_get_from_lladdr
 .any.text.nbr_table_remove
                0x0000d19c       0x2a contiki-z1.a(nbr-table.o)
                0x0000d19c                nbr_table_remove
 .any.text.nbr_table_lock
                0x0000d1c6       0x10 contiki-z1.a(nbr-table.o)
                0x0000d1c6                nbr_table_lock
 .any.text.nbr_table_unlock
                0x0000d1d6       0x10 contiki-z1.a(nbr-table.o)
                0x0000d1d6                nbr_table_unlock
 .any.text.nbr_table_get_lladdr
                0x0000d1e6       0x20 contiki-z1.a(nbr-table.o)
                0x0000d1e6                nbr_table_get_lladdr
 .any.text.packetbuf_compact
                0x0000d206       0x2e contiki-z1.a(packetbuf.o)
                0x0000d206                packetbuf_compact
 .any.text.packetbuf_copyto
                0x0000d234       0x46 contiki-z1.a(packetbuf.o)
                0x0000d234                packetbuf_copyto
 .any.text.packetbuf_hdrreduce
                0x0000d27a       0x1a contiki-z1.a(packetbuf.o)
                0x0000d27a                packetbuf_hdrreduce
 .any.text.packetbuf_set_datalen
                0x0000d294        0x6 contiki-z1.a(packetbuf.o)
                0x0000d294                packetbuf_set_datalen
 .any.text.packetbuf_dataptr
                0x0000d29a        0xe contiki-z1.a(packetbuf.o)
                0x0000d29a                packetbuf_dataptr
 .any.text.packetbuf_hdrptr
                0x0000d2a8        0xa contiki-z1.a(packetbuf.o)
                0x0000d2a8                packetbuf_hdrptr
 .any.text.packetbuf_datalen
                0x0000d2b2        0x6 contiki-z1.a(packetbuf.o)
                0x0000d2b2                packetbuf_datalen
 .any.text.packetbuf_hdrlen
                0x0000d2b8       0x10 contiki-z1.a(packetbuf.o)
                0x0000d2b8                packetbuf_hdrlen
 .any.text.packetbuf_totlen
                0x0000d2c8        0xc contiki-z1.a(packetbuf.o)
                0x0000d2c8                packetbuf_totlen
 .any.text.packetbuf_hdralloc
                0x0000d2d4       0x2a contiki-z1.a(packetbuf.o)
                0x0000d2d4                packetbuf_hdralloc
 .any.text.packetbuf_attr_clear
                0x0000d2fe       0x28 contiki-z1.a(packetbuf.o)
                0x0000d2fe                packetbuf_attr_clear
 .any.text.packetbuf_clear
                0x0000d326       0x1a contiki-z1.a(packetbuf.o)
                0x0000d326                packetbuf_clear
 .any.text.packetbuf_copyfrom
                0x0000d340       0x2a contiki-z1.a(packetbuf.o)
                0x0000d340                packetbuf_copyfrom
 .any.text.packetbuf_attr_copyto
                0x0000d36a       0x22 contiki-z1.a(packetbuf.o)
                0x0000d36a                packetbuf_attr_copyto
 .any.text.packetbuf_attr_copyfrom
                0x0000d38c       0x24 contiki-z1.a(packetbuf.o)
                0x0000d38c                packetbuf_attr_copyfrom
 .any.text.packetbuf_holds_broadcast
                0x0000d3b0        0xe contiki-z1.a(packetbuf.o)
                0x0000d3b0                packetbuf_holds_broadcast
 .any.text.queuebuf_init
                0x0000d3be       0x12 contiki-z1.a(queuebuf.o)
                0x0000d3be                queuebuf_init
 .any.text.queuebuf_numfree
                0x0000d3d0        0xa contiki-z1.a(queuebuf.o)
                0x0000d3d0                queuebuf_numfree
 .any.text.queuebuf_new_from_packetbuf
                0x0000d3da       0x4e contiki-z1.a(queuebuf.o)
                0x0000d3da                queuebuf_new_from_packetbuf
 .any.text.queuebuf_update_attr_from_packetbuf
                0x0000d428       0x12 contiki-z1.a(queuebuf.o)
                0x0000d428                queuebuf_update_attr_from_packetbuf
 .any.text.queuebuf_update_from_packetbuf
                0x0000d43a       0x22 contiki-z1.a(queuebuf.o)
                0x0000d43a                queuebuf_update_from_packetbuf
 .any.text.queuebuf_free
                0x0000d45c       0x2a contiki-z1.a(queuebuf.o)
                0x0000d45c                queuebuf_free
 .any.text.queuebuf_to_packetbuf
                0x0000d486       0x32 contiki-z1.a(queuebuf.o)
                0x0000d486                queuebuf_to_packetbuf
 .any.text.queuebuf_attr
                0x0000d4b8        0xe contiki-z1.a(queuebuf.o)
                0x0000d4b8                queuebuf_attr
 .any.text.input_packet
                0x0000d4c6        0x6 contiki-z1.a(csma.o)
 .any.text.on   0x0000d4cc        0x6 contiki-z1.a(csma.o)
 .any.text.off  0x0000d4d2        0x6 contiki-z1.a(csma.o)
 .any.text.channel_check_interval
                0x0000d4d8       0x10 contiki-z1.a(csma.o)
 .any.text.transmit_packet_list
                0x0000d4e8       0x24 contiki-z1.a(csma.o)
 .any.text.init
                0x0000d50c       0x1a contiki-z1.a(csma.o)
 .any.text.send_packet
                0x0000d526      0x16e contiki-z1.a(csma.o)
 .any.text.free_packet
                0x0000d694       0x94 contiki-z1.a(csma.o)
 .any.text.packet_sent
                0x0000d728      0x114 contiki-z1.a(csma.o)
 .any.text.create_frame.isra.0
                0x0000d83c      0x104 contiki-z1.a(framer-802154.o)
 .any.text.create
                0x0000d940        0x8 contiki-z1.a(framer-802154.o)
 .any.text.hdr_length
                0x0000d948        0x8 contiki-z1.a(framer-802154.o)
 .any.text.parse
                0x0000d950       0xa2 contiki-z1.a(framer-802154.o)
 .any.text.framer_canonical_create_and_secure
                0x0000d9f2       0x20 contiki-z1.a(framer.o)
                0x0000d9f2                framer_canonical_create_and_secure
 .any.text.mac_call_sent_callback
                0x0000da12       0x14 contiki-z1.a(mac.o)
                0x0000da12                mac_call_sent_callback
 .any.text.duty_cycle
                0x0000da26        0x6 contiki-z1.a(contikimac.o)
 .any.text.init
                0x0000da2c       0x2a contiki-z1.a(contikimac.o)
 .any.text.on   0x0000da56       0x1a contiki-z1.a(contikimac.o)
 .any.text.off  0x0000da70       0x22 contiki-z1.a(contikimac.o)
 .any.text.recv_burst_off
                0x0000da92        0xa contiki-z1.a(contikimac.o)
 .any.text.powercycle_turn_radio_off
                0x0000da9c       0x14 contiki-z1.a(contikimac.o)
 .any.text.turn_off
                0x0000dab0       0x20 contiki-z1.a(contikimac.o)
 .any.text.turn_on
                0x0000dad0       0x30 contiki-z1.a(contikimac.o)
 .any.text.schedule_powercycle_fixed.part.5
                0x0000db00       0x34 contiki-z1.a(contikimac.o)
 .any.text.input_packet
                0x0000db34       0x94 contiki-z1.a(contikimac.o)
 .any.text.send_packet.isra.7
                0x0000dbc8      0x1d8 contiki-z1.a(contikimac.o)
 .any.text.qsend_list
                0x0000dda0       0xb0 contiki-z1.a(contikimac.o)
 .any.text.qsend_packet
                0x0000de50       0x28 contiki-z1.a(contikimac.o)
 .any.text.powercycle
                0x0000de78      0x1d2 contiki-z1.a(contikimac.o)
 .any.text.bootstrap
                0x0000e04a        0x4 contiki-z1.a(nullsec.o)
 .any.text.send
                0x0000e04e        0xa contiki-z1.a(nullsec.o)
 .any.text.on_frame_created
                0x0000e058        0x4 contiki-z1.a(nullsec.o)
 .any.text.input
                0x0000e05c        0x6 contiki-z1.a(nullsec.o)
 .any.text.get_overhead
                0x0000e062        0x4 contiki-z1.a(nullsec.o)
 .any.text.i2c_receiveinit
                0x0000e066       0x36 contiki-z1.a(i2cmaster.o)
                0x0000e066                i2c_receiveinit
 .any.text.i2c_transmitinit
                0x0000e09c       0x30 contiki-z1.a(i2cmaster.o)
                0x0000e09c                i2c_transmitinit
 .any.text.i2c_receive_n
                0x0000e0cc       0x3e contiki-z1.a(i2cmaster.o)
                0x0000e0cc                i2c_receive_n
 .any.text.i2c_busy
                0x0000e10a        0xa contiki-z1.a(i2cmaster.o)
                0x0000e10a                i2c_busy
 .any.text.i2c_enable
                0x0000e114       0x22 contiki-z1.a(i2cmaster.o)
                0x0000e114                i2c_enable
 .any.text.i2c_transmit_n
                0x0000e136       0x14 contiki-z1.a(i2cmaster.o)
                0x0000e136                i2c_transmit_n
 .any.text.stimer_set
                0x0000e14a       0x1c contiki-z1.a(stimer.o)
                0x0000e14a                stimer_set
 .any.text.stimer_expired
                0x0000e166       0x30 contiki-z1.a(stimer.o)
                0x0000e166                stimer_expired
 .any.text.random_rand
                0x0000e196        0x6 contiki-z1.a(random.o)
                0x0000e196                random_rand
 .any.text.field_len
                0x0000e19c       0x8c contiki-z1.a(frame802154.o)
 .any.text.frame802154_hdrlen
                0x0000e228       0x2e contiki-z1.a(frame802154.o)
                0x0000e228                frame802154_hdrlen
 .any.text.frame802154_create
                0x0000e256      0x112 contiki-z1.a(frame802154.o)
                0x0000e256                frame802154_create
 .any.text.frame802154_parse
                0x0000e368      0x16c contiki-z1.a(frame802154.o)
                0x0000e368                frame802154_parse
 .any.text.mac_sequence_is_duplicate
                0x0000e4d4       0x3c contiki-z1.a(mac-sequence.o)
                0x0000e4d4                mac_sequence_is_duplicate
 .any.text.mac_sequence_register_seqno
                0x0000e510       0x6a contiki-z1.a(mac-sequence.o)
                0x0000e510                mac_sequence_register_seqno

.rodata         0x0000e57c      0x59f
                0x0000e57c                . = ALIGN (0x2)
 *(.rodata .rodata.* .gnu.linkonce.r.*)
 .rodata.generate_routes
                0x0000e57c       0x63 border-router-with-trickle.co
 .rodata.process_thread_border_router_process
                0x0000e5df       0x17 border-router-with-trickle.co
 .rodata.autostart_processes
                0x0000e5f6        0x6 border-router-with-trickle.co
                0x0000e5f6                autostart_processes
 .rodata        0x0000e5fc       0x21 border-router-with-trickle.co
 .rodata.slip_input_callback
                0x0000e61d       0x67 obj_z1/slip-bridge.o
 .rodata.output
                0x0000e684       0x3a obj_z1/slip-bridge.o
 .rodata.rpl_interface
                0x0000e6be        0x8 obj_z1/slip-bridge.o
                0x0000e6be                rpl_interface
 .rodata.handle_output
                0x0000e6c6       0x59 obj_z1/httpd-simple.o
 .rodata.http_get
                0x0000e71f        0x5 obj_z1/httpd-simple.o
                0x0000e71f                http_get
 .rodata.http_header_404
                0x0000e724       0x5d obj_z1/httpd-simple.o
                0x0000e724                http_header_404
 .rodata.http_header_200
                0x0000e781       0x56 obj_z1/httpd-simple.o
                0x0000e781                http_header_200
 .rodata.http_content_type_html
                0x0000e7d7       0x1c obj_z1/httpd-simple.o
                0x0000e7d7                http_content_type_html
 .rodata        0x0000e7f3      0x115 obj_z1/contiki-z1-main.o
 .rodata.get_value
                0x0000e908       0x38 contiki-z1.a(cc2420.o)
 .rodata.cc2420_driver
                0x0000e940       0x38 contiki-z1.a(cc2420.o)
                0x0000e940                cc2420_driver
 .rodata        0x0000e978        0xe contiki-z1.a(cc2420.o)
 .rodata.output_power
                0x0000e986       0x10 contiki-z1.a(cc2420.o)
 .rodata        0x0000e996        0x8 contiki-z1.a(sensors.o)
 .rodata        0x0000e99e        0x7 contiki-z1.a(button-sensor.o)
 *fill*         0x0000e9a5        0x1 00
 .rodata.button_sensor
                0x0000e9a6        0xe contiki-z1.a(button-sensor.o)
                0x0000e9a6                button_sensor
 .rodata.process_thread_slip_process
                0x0000e9b4       0x15 contiki-z1.a(slip.o)
 .rodata        0x0000e9c9        0xc contiki-z1.a(slip.o)
 .rodata        0x0000e9d5       0x16 contiki-z1.a(adxl345.o)
 .rodata        0x0000e9eb        0xf contiki-z1.a(ctimer.o)
 .rodata        0x0000e9fa        0xc contiki-z1.a(etimer.o)
 .rodata        0x0000ea06        0xb contiki-z1.a(sicslowpan.o)
 *fill*         0x0000ea11        0x1 00
 .rodata.sicslowpan_driver
                0x0000ea12        0xa contiki-z1.a(sicslowpan.o)
                0x0000ea12                sicslowpan_driver
 .rodata.llprefix
                0x0000ea1c        0x2 contiki-z1.a(sicslowpan.o)
                0x0000ea1c                llprefix
 .rodata.unc_mxconf
                0x0000ea1e        0x4 contiki-z1.a(sicslowpan.o)
                0x0000ea1e                unc_mxconf
 .rodata.unc_ctxconf
                0x0000ea22        0x4 contiki-z1.a(sicslowpan.o)
                0x0000ea22                unc_ctxconf
 .rodata.unc_llconf
                0x0000ea26        0x4 contiki-z1.a(sicslowpan.o)
                0x0000ea26                unc_llconf
 .rodata.ttl_values
                0x0000ea2a        0x4 contiki-z1.a(sicslowpan.o)
 *fill*         0x0000ea2e        0x2 00
 .rodata.uip_process
                0x0000ea30       0x40 contiki-z1.a(uip6.o)
 .rodata        0x0000ea70        0xd contiki-z1.a(tcpip.o)
 .rodata.uip_debug_ipaddr_print
                0x0000ea7d       0x15 contiki-z1.a(uip-debug.o)
 .rodata.linkaddr_null
                0x0000ea92        0x8 contiki-z1.a(linkaddr.o)
                0x0000ea92                linkaddr_null
 .rodata        0x0000ea9a        0x5 contiki-z1.a(csma.o)
 *fill*         0x0000ea9f        0x1 00
 .rodata.csma_driver
                0x0000eaa0       0x1a contiki-z1.a(csma.o)
                0x0000eaa0                csma_driver
 .rodata.framer_802154
                0x0000eaba       0x10 contiki-z1.a(framer-802154.o)
                0x0000eaba                framer_802154
 .rodata        0x0000eaca        0xb contiki-z1.a(contikimac.o)
 *fill*         0x0000ead5        0x1 00
 .rodata.contikimac_driver
                0x0000ead6       0x1e contiki-z1.a(contikimac.o)
                0x0000ead6                contikimac_driver
 .rodata        0x0000eaf4        0x8 contiki-z1.a(nullsec.o)
 .rodata.nullsec_driver
                0x0000eafc       0x16 contiki-z1.a(nullsec.o)
                0x0000eafc                nullsec_driver
 .rodata.CSWTCH.5
                0x0000eb12        0x2 contiki-z1.a(frame802154.o)
 .rodata.vuprintf
                0x0000eb14        0x7 /usr/local/msp430/bin/../lib/gcc/msp430/4.7.0/../../../../msp430/lib/mcpu-430x/mmpy-16/msr20/mc20/libc.a(vuprintf.o)
 *(.near.rodata .near.rodata.*)
                0x0000eb1c                . = ALIGN (0x2)
                0x0000eb1c                _etext = .

.data           0x00001100      0x15c load address 0x0000eb1c
                0x00001100                . = ALIGN (0x2)
                0x00001100                __data_start = .
 *(.data .data.* .gnu.linkonce.d.*)
 .data.webserver_nogui_process
                0x00001100        0xc border-router-with-trickle.co
                0x00001100                webserver_nogui_process
 .data.border_router_process
                0x0000110c        0xc border-router-with-trickle.co
                0x0000110c                border_router_process
 .data.conns    0x00001118        0x8 obj_z1/httpd-simple.o
 .data.sensors  0x00001120        0x4 obj_z1/contiki-z1-main.o
                0x00001120                sensors
 .data.cur_break
                0x00001124        0x2 contiki-z1.a(msp430.o)
 .data.cc2420_process
                0x00001126        0xc contiki-z1.a(cc2420.o)
                0x00001126                cc2420_process
 .data.sensors_process
                0x00001132        0xc contiki-z1.a(sensors.o)
                0x00001132                sensors_process
 .data.slip_process
                0x0000113e        0xc contiki-z1.a(slip.o)
                0x0000113e                slip_process
 .data.accmeter_process
                0x0000114a        0xc contiki-z1.a(adxl345.o)
                0x0000114a                accmeter_process
 .data.adxl345_default_settings
                0x00001156       0x16 contiki-z1.a(adxl345.o)
 .data.ctimer_process
                0x0000116c        0xc contiki-z1.a(ctimer.o)
                0x0000116c                ctimer_process
 .data.etimer_process
                0x00001178        0xc contiki-z1.a(etimer.o)
                0x00001178                etimer_process
 .data.ds6_neighbors
                0x00001184        0x2 contiki-z1.a(uip-ds6-nbr.o)
                0x00001184                ds6_neighbors
 .data.ds6_neighbors_struct
                0x00001186        0xa contiki-z1.a(uip-ds6-nbr.o)
 .data.routememb
                0x00001190        0x8 contiki-z1.a(uip-ds6-route.o)
 .data.defaultroutermemb
                0x00001198        0x8 contiki-z1.a(uip-ds6-route.o)
 .data.nbr_routes_struct
                0x000011a0        0xa contiki-z1.a(uip-ds6-route.o)
 .data.neighborroutememb
                0x000011aa        0x8 contiki-z1.a(uip-ds6-route.o)
 .data.echo_request_handler
                0x000011b2        0x8 contiki-z1.a(uip-icmp6.o)
 .data.echo_reply_handler
                0x000011ba        0x8 contiki-z1.a(uip-icmp6.o)
 .data.ns_input_handler
                0x000011c2        0x8 contiki-z1.a(uip-nd6.o)
 .data.na_input_handler
                0x000011ca        0x8 contiki-z1.a(uip-nd6.o)
 .data.tcpip_process
                0x000011d2        0xc contiki-z1.a(tcpip.o)
                0x000011d2                tcpip_process
 .data.rpl_parents
                0x000011de        0x2 contiki-z1.a(rpl-dag.o)
                0x000011de                rpl_parents
 .data.rpl_parents_struct
                0x000011e0        0xa contiki-z1.a(rpl-dag.o)
 .data.dao_sequence
                0x000011ea        0x1 contiki-z1.a(rpl-icmp6.o)
 *fill*         0x000011eb        0x1 00
 .data.dis_handler
                0x000011ec        0x8 contiki-z1.a(rpl-icmp6.o)
 .data.dio_handler
                0x000011f4        0x8 contiki-z1.a(rpl-icmp6.o)
 .data.dao_handler
                0x000011fc        0x8 contiki-z1.a(rpl-icmp6.o)
 .data.dao_ack_handler
                0x00001204        0x8 contiki-z1.a(rpl-icmp6.o)
 .data.rpl_mrhof
                0x0000120c       0x1a contiki-z1.a(rpl-mrhof.o)
                0x0000120c                rpl_mrhof
 .data.neighbor_addr_mem
                0x00001226        0x8 contiki-z1.a(nbr-table.o)
 .data.buframmem
                0x0000122e        0x8 contiki-z1.a(queuebuf.o)
 .data.bufmem   0x00001236        0x8 contiki-z1.a(queuebuf.o)
 .data.neighbor_memb
                0x0000123e        0x8 contiki-z1.a(csma.o)
 .data.packet_memb
                0x00001246        0x8 contiki-z1.a(csma.o)
 .data.metadata_memb
                0x0000124e        0x8 contiki-z1.a(csma.o)
 .data.prescale_lsb
                0x00001256        0x1 contiki-z1.a(i2cmaster.o)
                0x00001256                prescale_lsb
 *fill*         0x00001257        0x1 00
 .data.next     0x00001258        0x4 /usr/local/msp430/bin/../lib/gcc/msp430/4.7.0/../../../../msp430/lib/mcpu-430x/mmpy-16/msr20/mc20/libc.a(rand.o)
 *(.near.data .near.data.*)
                0x0000125c                . = ALIGN (0x2)
                0x0000125c                _edata = .
                0x0000eb1c                __data_load_start = LOADADDR (.data)
                0x0000015c                __data_size = SIZEOF (.data)

.bss            0x0000125c     0x15c8 load address 0x0000ec78
                0x0000125c                __bss_start = .
 *(.bss .bss.*)
 .bss.ipaddr    0x0000125c       0x10 border-router-with-trickle.co
 .bss.trickle_conn
                0x0000126c        0x2 border-router-with-trickle.co
 .bss.token     0x0000126e        0x1 border-router-with-trickle.co
 *fill*         0x0000126f        0x1 00
 .bss.tt        0x00001270       0x30 border-router-with-trickle.co
 .bss.prefix_set
                0x000012a0        0x1 border-router-with-trickle.co
 *fill*         0x000012a1        0x1 00
 .bss.et.4779   0x000012a2        0xc border-router-with-trickle.co
 .bss.blen      0x000012ae        0x2 border-router-with-trickle.co
 .bss.buf       0x000012b0      0x100 border-router-with-trickle.co
 .bss.prefix    0x000013b0       0x10 border-router-with-trickle.co
 .bss.debug_frame.2961
                0x000013c0        0x1 obj_z1/slip-bridge.o
 *fill*         0x000013c1        0x1 00
 .bss.last_sender
                0x000013c2       0x10 obj_z1/slip-bridge.o
 .bss.conns_memb_count
                0x000013d2        0x2 obj_z1/httpd-simple.o
 .bss.conns_memb_mem
                0x000013d4       0xb0 obj_z1/httpd-simple.o
 .bss.irq_energest.4215
                0x00001484        0x4 obj_z1/contiki-z1-main.o
 .bss.leds      0x00001488        0x1 contiki-z1.a(leds.o)
 *fill*         0x00001489        0x1 00
 .bss.counter   0x0000148a        0x2 contiki-z1.a(watchdog.o)
 .bss.last_packet_timestamp
                0x0000148c        0x2 contiki-z1.a(cc2420.o)
 .bss.receive_on
                0x0000148e        0x1 contiki-z1.a(cc2420.o)
 .bss.locked    0x0000148f        0x1 contiki-z1.a(cc2420.o)
 .bss.lock_off  0x00001490        0x1 contiki-z1.a(cc2420.o)
 .bss.lock_on   0x00001491        0x1 contiki-z1.a(cc2420.o)
 .bss.channel   0x00001492        0x2 contiki-z1.a(cc2420.o)
 .bss.node_id   0x00001494        0x2 contiki-z1.a(node-id.o)
                0x00001494                node_id
 .bss.num_sensors
                0x00001496        0x1 contiki-z1.a(sensors.o)
 *fill*         0x00001497        0x1 00
 .bss.i.2078    0x00001498        0x2 contiki-z1.a(sensors.o)
 .bss.events.2079
                0x0000149a        0x2 contiki-z1.a(sensors.o)
 .bss.debouncetimer
                0x0000149c        0x8 contiki-z1.a(button-sensor.o)
 .bss.transmitting
                0x000014a4        0x1 contiki-z1.a(uart0.o)
 *fill*         0x000014a5        0x1 00
 .bss.uart0_input_handler
                0x000014a6        0x4 contiki-z1.a(uart0.o)
 .bss.input_callback
                0x000014aa        0x4 contiki-z1.a(slip.o)
 .bss.state     0x000014ae        0x1 contiki-z1.a(slip.o)
 *fill*         0x000014af        0x1 00
 .bss.pkt_end   0x000014b0        0x2 contiki-z1.a(slip.o)
 .bss.end       0x000014b2        0x2 contiki-z1.a(slip.o)
 .bss.begin     0x000014b4        0x2 contiki-z1.a(slip.o)
 .bss.rxbuf     0x000014b6       0x9c contiki-z1.a(slip.o)
 .bss.int1_mask
                0x00001552        0x2 contiki-z1.a(adxl345.o)
 .bss.int2_mask
                0x00001554        0x2 contiki-z1.a(adxl345.o)
 .bss._ADXL345_STATUS
                0x00001556        0x2 contiki-z1.a(adxl345.o)
 .bss.suppressTimer1
                0x00001558        0x8 contiki-z1.a(adxl345.o)
 .bss.suppressTimer2
                0x00001560        0x8 contiki-z1.a(adxl345.o)
 .bss.last_tar  0x00001568        0x2 contiki-z1.a(clock.o)
 .bss.count     0x0000156a        0x4 contiki-z1.a(clock.o)
 .bss.seconds   0x0000156e        0x4 contiki-z1.a(clock.o)
 .bss.initialized
                0x00001572        0x1 contiki-z1.a(ctimer.o)
 *fill*         0x00001573        0x1 00
 .bss.ctimer_list_list
                0x00001574        0x2 contiki-z1.a(ctimer.o)
 .bss.timerlist
                0x00001576        0x2 contiki-z1.a(etimer.o)
 .bss.next_expiration
                0x00001578        0x4 contiki-z1.a(etimer.o)
 .bss.poll_requested
                0x0000157c        0x1 contiki-z1.a(process.o)
 *fill*         0x0000157d        0x1 00
 .bss.process_current
                0x0000157e        0x2 contiki-z1.a(process.o)
                0x0000157e                process_current
 .bss.process_list
                0x00001580        0x2 contiki-z1.a(process.o)
                0x00001580                process_list
 .bss.lastevent
                0x00001582        0x1 contiki-z1.a(process.o)
 .bss.fevent    0x00001583        0x1 contiki-z1.a(process.o)
 .bss.nevents   0x00001584        0x1 contiki-z1.a(process.o)
 *fill*         0x00001585        0x1 00
 .bss.events    0x00001586       0x30 contiki-z1.a(process.o)